MPLINK 4.42, Linker
Linker Map File - Created Mon Oct 20 21:27:28 2014

                                 Section Info
                  Section       Type    Address   Location Size(Bytes)
                ---------  ---------  ---------  ---------  ---------
                   .org_1       code   0x000000    program   0x000002
                   .cinit    romdata   0x000001    program   0x000004
                   .org_2       code   0x000004    program   0x000086
.config_2007_D-95_EEPROM_V-2.0.O       code   0x002007    program   0x000002
                   .org_0       code   0x002100    program   0x000004



                              Program Memory Usage 
                               Start         End      
                           ---------   ---------      
                            0x000000    0x000002      
                            0x000004    0x000046      
                            0x002007    0x002007      
                            0x002100    0x002101      
            73 out of 4359 program addresses used, program memory utilization is 1%



                              Symbols - Sorted by Name
                     Name    Address   Location    Storage File                     
                ---------  ---------  ---------  --------- ---------                
                  DIGIT_1   0x000015    program     static C:\WORKS\WS\Embedded\D-90~\D-95_EEPROM\D-95_EEPROM_v-2.x\D-95_EEPROM_v-2.0\D-95_EEPROM_v-2.0.asm
                  DIGIT_2   0x000018    program     static C:\WORKS\WS\Embedded\D-90~\D-95_EEPROM\D-95_EEPROM_v-2.x\D-95_EEPROM_v-2.0\D-95_EEPROM_v-2.0.asm
                  DISPLAY   0x00001a    program     static C:\WORKS\WS\Embedded\D-90~\D-95_EEPROM\D-95_EEPROM_v-2.x\D-95_EEPROM_v-2.0\D-95_EEPROM_v-2.0.asm
               GET_MEMORY   0x00001c    program     static C:\WORKS\WS\Embedded\D-90~\D-95_EEPROM\D-95_EEPROM_v-2.x\D-95_EEPROM_v-2.0\D-95_EEPROM_v-2.0.asm
                  bcd2led   0x000036    program     static C:\WORKS\WS\Embedded\D-90~\D-95_EEPROM\D-95_EEPROM_v-2.x\D-95_EEPROM_v-2.0\D-95_EEPROM_v-2.0.asm
                  chg7seg   0x000028    program     static C:\WORKS\WS\Embedded\D-90~\D-95_EEPROM\D-95_EEPROM_v-2.x\D-95_EEPROM_v-2.0\D-95_EEPROM_v-2.0.asm
                 chg7seg1   0x00002d    program     static C:\WORKS\WS\Embedded\D-90~\D-95_EEPROM\D-95_EEPROM_v-2.x\D-95_EEPROM_v-2.0\D-95_EEPROM_v-2.0.asm
                 chg7seg2   0x00002f    program     static C:\WORKS\WS\Embedded\D-90~\D-95_EEPROM\D-95_EEPROM_v-2.x\D-95_EEPROM_v-2.0\D-95_EEPROM_v-2.0.asm
                 chg7seg3   0x000030    program     static C:\WORKS\WS\Embedded\D-90~\D-95_EEPROM\D-95_EEPROM_v-2.x\D-95_EEPROM_v-2.0\D-95_EEPROM_v-2.0.asm
                 chg7seg9   0x000031    program     static C:\WORKS\WS\Embedded\D-90~\D-95_EEPROM\D-95_EEPROM_v-2.x\D-95_EEPROM_v-2.0\D-95_EEPROM_v-2.0.asm
                 chg7segX   0x000035    program     static C:\WORKS\WS\Embedded\D-90~\D-95_EEPROM\D-95_EEPROM_v-2.x\D-95_EEPROM_v-2.0\D-95_EEPROM_v-2.0.asm
                     init   0x000004    program     static C:\WORKS\WS\Embedded\D-90~\D-95_EEPROM\D-95_EEPROM_v-2.x\D-95_EEPROM_v-2.0\D-95_EEPROM_v-2.0.asm
                     main   0x00000e    program     static C:\WORKS\WS\Embedded\D-90~\D-95_EEPROM\D-95_EEPROM_v-2.x\D-95_EEPROM_v-2.0\D-95_EEPROM_v-2.0.asm
                    main1   0x000012    program     static C:\WORKS\WS\Embedded\D-90~\D-95_EEPROM\D-95_EEPROM_v-2.x\D-95_EEPROM_v-2.0\D-95_EEPROM_v-2.0.asm



                              Symbols - Sorted by Address
                     Name    Address   Location    Storage File                     
                ---------  ---------  ---------  --------- ---------                
                     init   0x000004    program     static C:\WORKS\WS\Embedded\D-90~\D-95_EEPROM\D-95_EEPROM_v-2.x\D-95_EEPROM_v-2.0\D-95_EEPROM_v-2.0.asm
                     main   0x00000e    program     static C:\WORKS\WS\Embedded\D-90~\D-95_EEPROM\D-95_EEPROM_v-2.x\D-95_EEPROM_v-2.0\D-95_EEPROM_v-2.0.asm
                    main1   0x000012    program     static C:\WORKS\WS\Embedded\D-90~\D-95_EEPROM\D-95_EEPROM_v-2.x\D-95_EEPROM_v-2.0\D-95_EEPROM_v-2.0.asm
                  DIGIT_1   0x000015    program     static C:\WORKS\WS\Embedded\D-90~\D-95_EEPROM\D-95_EEPROM_v-2.x\D-95_EEPROM_v-2.0\D-95_EEPROM_v-2.0.asm
                  DIGIT_2   0x000018    program     static C:\WORKS\WS\Embedded\D-90~\D-95_EEPROM\D-95_EEPROM_v-2.x\D-95_EEPROM_v-2.0\D-95_EEPROM_v-2.0.asm
                  DISPLAY   0x00001a    program     static C:\WORKS\WS\Embedded\D-90~\D-95_EEPROM\D-95_EEPROM_v-2.x\D-95_EEPROM_v-2.0\D-95_EEPROM_v-2.0.asm
               GET_MEMORY   0x00001c    program     static C:\WORKS\WS\Embedded\D-90~\D-95_EEPROM\D-95_EEPROM_v-2.x\D-95_EEPROM_v-2.0\D-95_EEPROM_v-2.0.asm
                  chg7seg   0x000028    program     static C:\WORKS\WS\Embedded\D-90~\D-95_EEPROM\D-95_EEPROM_v-2.x\D-95_EEPROM_v-2.0\D-95_EEPROM_v-2.0.asm
                 chg7seg1   0x00002d    program     static C:\WORKS\WS\Embedded\D-90~\D-95_EEPROM\D-95_EEPROM_v-2.x\D-95_EEPROM_v-2.0\D-95_EEPROM_v-2.0.asm
                 chg7seg2   0x00002f    program     static C:\WORKS\WS\Embedded\D-90~\D-95_EEPROM\D-95_EEPROM_v-2.x\D-95_EEPROM_v-2.0\D-95_EEPROM_v-2.0.asm
                 chg7seg3   0x000030    program     static C:\WORKS\WS\Embedded\D-90~\D-95_EEPROM\D-95_EEPROM_v-2.x\D-95_EEPROM_v-2.0\D-95_EEPROM_v-2.0.asm
                 chg7seg9   0x000031    program     static C:\WORKS\WS\Embedded\D-90~\D-95_EEPROM\D-95_EEPROM_v-2.x\D-95_EEPROM_v-2.0\D-95_EEPROM_v-2.0.asm
                 chg7segX   0x000035    program     static C:\WORKS\WS\Embedded\D-90~\D-95_EEPROM\D-95_EEPROM_v-2.x\D-95_EEPROM_v-2.0\D-95_EEPROM_v-2.0.asm
                  bcd2led   0x000036    program     static C:\WORKS\WS\Embedded\D-90~\D-95_EEPROM\D-95_EEPROM_v-2.x\D-95_EEPROM_v-2.0\D-95_EEPROM_v-2.0.asm


