MPLINK 4.42, Linker
Linker Map File - Created Thu Nov 21 21:41:25 2013

                                 Section Info
                  Section       Type    Address   Location Size(Bytes)
                ---------  ---------  ---------  ---------  ---------
                   .org_0       code   0x000000    program   0x000016
                   .cinit    romdata   0x00000b    program   0x000004
.config_0FFF_D-40_V-1.2_THERMO.O       code   0x000fff    program   0x000002



                              Program Memory Usage 
                               Start         End      
                           ---------   ---------      
                            0x000000    0x00000c      
                            0x000fff    0x000fff      
            14 out of 261 program addresses used, program memory utilization is 5%



                              Symbols - Sorted by Name
                     Name    Address   Location    Storage File                     
                ---------  ---------  ---------  --------- ---------                
                  LED_OFF   0x000009    program     static C:\WORKS\WS\Electronics\Embedded\D-40_v-1.2_thermo\D-40_v-1.2_thermo.asm
                   LED_ON   0x000007    program     static C:\WORKS\WS\Electronics\Embedded\D-40_v-1.2_thermo\D-40_v-1.2_thermo.asm
                     main   0x000000    program     static C:\WORKS\WS\Electronics\Embedded\D-40_v-1.2_thermo\D-40_v-1.2_thermo.asm
                main_loop   0x000004    program     static C:\WORKS\WS\Electronics\Embedded\D-40_v-1.2_thermo\D-40_v-1.2_thermo.asm



                              Symbols - Sorted by Address
                     Name    Address   Location    Storage File                     
                ---------  ---------  ---------  --------- ---------                
                     main   0x000000    program     static C:\WORKS\WS\Electronics\Embedded\D-40_v-1.2_thermo\D-40_v-1.2_thermo.asm
                main_loop   0x000004    program     static C:\WORKS\WS\Electronics\Embedded\D-40_v-1.2_thermo\D-40_v-1.2_thermo.asm
                   LED_ON   0x000007    program     static C:\WORKS\WS\Electronics\Embedded\D-40_v-1.2_thermo\D-40_v-1.2_thermo.asm
                  LED_OFF   0x000009    program     static C:\WORKS\WS\Electronics\Embedded\D-40_v-1.2_thermo\D-40_v-1.2_thermo.asm


