MPLINK 4.42, Linker
Linker Map File - Created Tue Oct 07 19:13:33 2014

                                 Section Info
                  Section       Type    Address   Location Size(Bytes)
                ---------  ---------  ---------  ---------  ---------
                   .org_0       code   0x000000    program   0x000002
                   .cinit    romdata   0x000001    program   0x000004
                   .org_1       code   0x000004    program   0x00004e
.config_2007_D-93_PIC16_F88_AD-CONV_V-6.2.0.O       code   0x002007    program   0x000002
.config_2008_D-93_PIC16_F88_AD-CONV_V-6.2.0.O       code   0x002008    program   0x000002



                              Program Memory Usage 
                               Start         End      
                           ---------   ---------      
                            0x000000    0x000002      
                            0x000004    0x00002a      
                            0x002007    0x002008      
            44 out of 4359 program addresses used, program memory utilization is 1%



                              Symbols - Sorted by Name
                     Name    Address   Location    Storage File                     
                ---------  ---------  ---------  --------- ---------                
                     INIT   0x000006    program     static C:\WORKS\WS\Embedded\D-90~\D-93_PIC16_F88_A-D-conv\D-93_PIC16_F88_AD-conv_v-6.1\D-93_PIC16_F88_AD-conv_v-6.2.0\D-93_PIC16_F88_AD-conv_v-6.2.0.asm
                   LED_ON   0x00001c    program     static C:\WORKS\WS\Embedded\D-90~\D-93_PIC16_F88_A-D-conv\D-93_PIC16_F88_AD-conv_v-6.1\D-93_PIC16_F88_AD-conv_v-6.2.0\D-93_PIC16_F88_AD-conv_v-6.2.0.asm
                     LOOP   0x000017    program     static C:\WORKS\WS\Embedded\D-90~\D-93_PIC16_F88_A-D-conv\D-93_PIC16_F88_AD-conv_v-6.1\D-93_PIC16_F88_AD-conv_v-6.2.0\D-93_PIC16_F88_AD-conv_v-6.2.0.asm
                     intr   0x000020    program     static C:\WORKS\WS\Embedded\D-90~\D-93_PIC16_F88_A-D-conv\D-93_PIC16_F88_AD-conv_v-6.1\D-93_PIC16_F88_AD-conv_v-6.2.0\D-93_PIC16_F88_AD-conv_v-6.2.0.asm
                    intr9   0x000028    program     static C:\WORKS\WS\Embedded\D-90~\D-93_PIC16_F88_A-D-conv\D-93_PIC16_F88_AD-conv_v-6.1\D-93_PIC16_F88_AD-conv_v-6.2.0\D-93_PIC16_F88_AD-conv_v-6.2.0.asm
                   intr_1   0x000023    program     static C:\WORKS\WS\Embedded\D-90~\D-93_PIC16_F88_A-D-conv\D-93_PIC16_F88_AD-conv_v-6.1\D-93_PIC16_F88_AD-conv_v-6.2.0\D-93_PIC16_F88_AD-conv_v-6.2.0.asm
                     main   0x000017    program     static C:\WORKS\WS\Embedded\D-90~\D-93_PIC16_F88_A-D-conv\D-93_PIC16_F88_AD-conv_v-6.1\D-93_PIC16_F88_AD-conv_v-6.2.0\D-93_PIC16_F88_AD-conv_v-6.2.0.asm
                   main_1   0x000017    program     static C:\WORKS\WS\Embedded\D-90~\D-93_PIC16_F88_A-D-conv\D-93_PIC16_F88_AD-conv_v-6.1\D-93_PIC16_F88_AD-conv_v-6.2.0\D-93_PIC16_F88_AD-conv_v-6.2.0.asm



                              Symbols - Sorted by Address
                     Name    Address   Location    Storage File                     
                ---------  ---------  ---------  --------- ---------                
                     INIT   0x000006    program     static C:\WORKS\WS\Embedded\D-90~\D-93_PIC16_F88_A-D-conv\D-93_PIC16_F88_AD-conv_v-6.1\D-93_PIC16_F88_AD-conv_v-6.2.0\D-93_PIC16_F88_AD-conv_v-6.2.0.asm
                     LOOP   0x000017    program     static C:\WORKS\WS\Embedded\D-90~\D-93_PIC16_F88_A-D-conv\D-93_PIC16_F88_AD-conv_v-6.1\D-93_PIC16_F88_AD-conv_v-6.2.0\D-93_PIC16_F88_AD-conv_v-6.2.0.asm
                     main   0x000017    program     static C:\WORKS\WS\Embedded\D-90~\D-93_PIC16_F88_A-D-conv\D-93_PIC16_F88_AD-conv_v-6.1\D-93_PIC16_F88_AD-conv_v-6.2.0\D-93_PIC16_F88_AD-conv_v-6.2.0.asm
                   main_1   0x000017    program     static C:\WORKS\WS\Embedded\D-90~\D-93_PIC16_F88_A-D-conv\D-93_PIC16_F88_AD-conv_v-6.1\D-93_PIC16_F88_AD-conv_v-6.2.0\D-93_PIC16_F88_AD-conv_v-6.2.0.asm
                   LED_ON   0x00001c    program     static C:\WORKS\WS\Embedded\D-90~\D-93_PIC16_F88_A-D-conv\D-93_PIC16_F88_AD-conv_v-6.1\D-93_PIC16_F88_AD-conv_v-6.2.0\D-93_PIC16_F88_AD-conv_v-6.2.0.asm
                     intr   0x000020    program     static C:\WORKS\WS\Embedded\D-90~\D-93_PIC16_F88_A-D-conv\D-93_PIC16_F88_AD-conv_v-6.1\D-93_PIC16_F88_AD-conv_v-6.2.0\D-93_PIC16_F88_AD-conv_v-6.2.0.asm
                   intr_1   0x000023    program     static C:\WORKS\WS\Embedded\D-90~\D-93_PIC16_F88_A-D-conv\D-93_PIC16_F88_AD-conv_v-6.1\D-93_PIC16_F88_AD-conv_v-6.2.0\D-93_PIC16_F88_AD-conv_v-6.2.0.asm
                    intr9   0x000028    program     static C:\WORKS\WS\Embedded\D-90~\D-93_PIC16_F88_A-D-conv\D-93_PIC16_F88_AD-conv_v-6.1\D-93_PIC16_F88_AD-conv_v-6.2.0\D-93_PIC16_F88_AD-conv_v-6.2.0.asm


