MPLINK 4.42, Linker
Linker Map File - Created Fri Sep 12 15:39:08 2014

                                 Section Info
                  Section       Type    Address   Location Size(Bytes)
                ---------  ---------  ---------  ---------  ---------
                   .org_0       code   0x000000    program   0x00000e
                   .cinit    romdata   0x000007    program   0x000004
.config_2007_D-93_PIC16_F88_A-D-CONV_V-2.0.O       code   0x002007    program   0x000002



                              Program Memory Usage 
                               Start         End      
                           ---------   ---------      
                            0x000000    0x000008      
                            0x002007    0x002007      
            10 out of 4359 program addresses used, program memory utilization is 0%



                              Symbols - Sorted by Name
                     Name    Address   Location    Storage File                     
                ---------  ---------  ---------  --------- ---------                
                     LOOP   0x000004    program     static C:\WORKS\WS\Embedded\D-90~\D-93_PIC16_F88_A-D-conv\D-93_PIC16_F88_A-D-conv_v-2.0\D-93_PIC16_F88_A-D-conv_v-2.0.asm
                     MAIN   0x000000    program     static C:\WORKS\WS\Embedded\D-90~\D-93_PIC16_F88_A-D-conv\D-93_PIC16_F88_A-D-conv_v-2.0\D-93_PIC16_F88_A-D-conv_v-2.0.asm



                              Symbols - Sorted by Address
                     Name    Address   Location    Storage File                     
                ---------  ---------  ---------  --------- ---------                
                     MAIN   0x000000    program     static C:\WORKS\WS\Embedded\D-90~\D-93_PIC16_F88_A-D-conv\D-93_PIC16_F88_A-D-conv_v-2.0\D-93_PIC16_F88_A-D-conv_v-2.0.asm
                     LOOP   0x000004    program     static C:\WORKS\WS\Embedded\D-90~\D-93_PIC16_F88_A-D-conv\D-93_PIC16_F88_A-D-conv_v-2.0\D-93_PIC16_F88_A-D-conv_v-2.0.asm


