MPLINK 4.42, Linker
Linker Map File - Created Fri Sep 12 15:12:45 2014

                                 Section Info
                  Section       Type    Address   Location Size(Bytes)
                ---------  ---------  ---------  ---------  ---------
                   .org_0       code   0x000000    program   0x000002
                   .cinit    romdata   0x000001    program   0x000004
                   .org_1       code   0x000004    program   0x00001c
.config_2007_D-93_PIC16_F88_A-D-CONV_V-2.0.O       code   0x002007    program   0x000002



                              Program Memory Usage 
                               Start         End      
                           ---------   ---------      
                            0x000000    0x000002      
                            0x000004    0x000011      
                            0x002007    0x002007      
            18 out of 4359 program addresses used, program memory utilization is 0%



                              Symbols - Sorted by Name
                     Name    Address   Location    Storage File                     
                ---------  ---------  ---------  --------- ---------                
                    START   0x000004    program     static C:\WORKS\WS\Embedded\D-90~\D-93_PIC16_F88_A-D-conv\D-93_PIC16_F88_A-D-conv_v-2.0\D-93_PIC16_F88_A-D-conv_v-2.0.asm
                    STEP1   0x000008    program     static C:\WORKS\WS\Embedded\D-90~\D-93_PIC16_F88_A-D-conv\D-93_PIC16_F88_A-D-conv_v-2.0\D-93_PIC16_F88_A-D-conv_v-2.0.asm



                              Symbols - Sorted by Address
                     Name    Address   Location    Storage File                     
                ---------  ---------  ---------  --------- ---------                
                    START   0x000004    program     static C:\WORKS\WS\Embedded\D-90~\D-93_PIC16_F88_A-D-conv\D-93_PIC16_F88_A-D-conv_v-2.0\D-93_PIC16_F88_A-D-conv_v-2.0.asm
                    STEP1   0x000008    program     static C:\WORKS\WS\Embedded\D-90~\D-93_PIC16_F88_A-D-conv\D-93_PIC16_F88_A-D-conv_v-2.0\D-93_PIC16_F88_A-D-conv_v-2.0.asm


