Microchip MPLAB XC8 Compiler V1.33 ()

Linker command line:

--edf=C:\Program Files (x86)\Microchip\xc8\v1.33\dat\en_msgs.txt -cs \
  -h+dist/default/production\D-97_LCD_v-2.0.X.production.sym \
  --cmf=dist/default/production\D-97_LCD_v-2.0.X.production.cmf -z -Q16F88 \
  -oC:\Users\IWABUC~1\AppData\Local\Temp\s598.6 \
  -Mdist/default/production/D-97_LCD_v-2.0.X.production.map -E1 -ver=XC8 \
  -ASTACK=0110h-016fh -pstack=STACK -ACONST=00h-0FFhx16 -ACODE=00h-07FFhx2 \
  -ASTRCODE=00h-0FFFh -AENTRY=00h-0FFhx16 -ASTRING=00h-0FFhx16 \
  -ACOMMON=070h-07Fh -ABANK0=020h-06Fh -ABANK1=0A0h-0EFh \
  -ABANK2=0110h-016Fh -ABANK3=0190h-01EFh \
  -ARAM=020h-06Fh,0A0h-0EFh,0110h-016Fh,0190h-01EFh \
  -AABS1=020h-07Fh,0A0h-0EFh,0110h-016Fh,0190h-01EFh -ASFR0=00h-01Fh \
  -ASFR1=080h-09Fh -ASFR2=0100h-010Fh -ASFR3=0180h-018Fh \
  -preset_vec=00h,intentry,init,end_init -ppowerup=CODE -pcinit=CODE \
  -pfunctab=CODE -ACONFIG=02007h-02008h -pconfig=CONFIG -DCONFIG=2 \
  -AIDLOC=02000h-02003h -pidloc=IDLOC -DIDLOC=2 -AEEDATA=00h-0FFh/02100h \
  -peeprom_data=EEDATA -DEEDATA=2 -DCODE=2 -DSTRCODE=2 -DSTRING=2 -DCONST=2 \
  -DENTRY=2 -k C:\Users\IWABUC~1\AppData\Local\Temp\s598.obj \
  dist/default/production\D-97_LCD_v-2.0.X.production.obj 

Object code version is 3.11

Machine type is 16F88



                Name                               Link     Load   Length Selector   Space Scale
C:\Users\IWABUC~1\AppData\Local\Temp\s598.obj
                end_init                              0        0        2        0       0
                config                             2007     2007        1     400E       0
dist/default/production\D-97_LCD_v-2.0.X.production.obj
                cinit                               7E2      7E2       1E      FC4       0
                text8                               73D      73D       24      E7A       0
                text7                               6E7      6E7        F      DCE       0
                text6                               709      709       19      E12       0
                text5                               761      761       38      EC2       0
                text4                               722      722       1B      E44       0
                text3                               6F6      6F6       13      DEC       0
                text2                               799      799       49      F32       0
                text1                               6D9      6D9        E      DB2       0
                maintext                            6CB      6CB        7      D96       0
                cstackBANK0                          27       27        7       20       1
                cstackCOMMON                         70       70        B       70       1
                dataBANK0                            20       20        7       20       1
                idataBANK0                          6D2      6D2        7      DA4       0

TOTAL           Name                               Link     Load   Length     Space
        CLASS   STACK          

        CLASS   CONST          

        CLASS   CODE           
                end_init                              0        0        2         0
                cinit                               7E2      7E2       1E         0
                text8                               73D      73D       24         0
                text7                               6E7      6E7        F         0
                text6                               709      709       19         0
                text5                               761      761       38         0
                text4                               722      722       1B         0
                text3                               6F6      6F6       13         0
                text2                               799      799       49         0
                text1                               6D9      6D9        E         0
                maintext                            6CB      6CB        7         0
                idataBANK0                          6D2      6D2        7         0

        CLASS   STRCODE        

        CLASS   ENTRY          

        CLASS   STRING         

        CLASS   COMMON         
                cstackCOMMON                         70       70        B         1

        CLASS   BANK0          
                cstackBANK0                          27       27        7         1
                dataBANK0                            20       20        7         1

        CLASS   BANK1          

        CLASS   BANK2          

        CLASS   BANK3          

        CLASS   RAM            

        CLASS   ABS1           
                abs_s1                               7E       7E        2         1

        CLASS   SFR0           

        CLASS   SFR1           

        CLASS   SFR2           

        CLASS   SFR3           

        CLASS   CONFIG         
                config                             2007     2007        1         0

        CLASS   IDLOC          

        CLASS   EEDATA         



SEGMENTS        Name                           Load    Length   Top    Selector   Space  Class     Delta

                reset_vec                      000000  000002  000002         0       0  CODE        2
                dataBANK0                      000020  00000E  00002E        20       1  BANK0       1
                cstackCOMMON                   000070  00000B  00007B        70       1  COMMON      1
                maintext                       0006CB  000007  0006D2       D96       0  CODE        2
                idataBANK0                     0006D2  000007  0006D9       DA4       0  CODE        2
                text1                          0006D9  00000E  0006E7       DB2       0  CODE        2
                text7                          0006E7  00000F  0006F6       DCE       0  CODE        2
                text3                          0006F6  000013  000709       DEC       0  CODE        2
                text6                          000709  000019  000722       E12       0  CODE        2
                text4                          000722  00001B  00073D       E44       0  CODE        2
                text8                          00073D  000024  000761       E7A       0  CODE        2
                text5                          000761  000038  000799       EC2       0  CODE        2
                text2                          000799  000049  0007E2       F32       0  CODE        2
                cinit                          0007E2  00001E  000800       FC4       0  CODE        2
                config                         002007  000001  002008      400E       0  CONFIG      2


UNUSED ADDRESS RANGES

        Name                Unused          Largest block    Delta
        BANK0            002E-006F             42           1
        BANK1            00A0-00EF             50           1
        BANK2            0110-016F             60           1
        BANK3            0190-01EF             60           1
        CODE             0002-06CA            6C9           2
                         0800-0FFF            800
        COMMON           007B-007D              3           1
        CONFIG           2008-2008              1           2
        CONST            0002-06CA            100           2
                         0800-0FFF            100
        EEDATA           2100-21FF            100           2
        ENTRY            0002-06CA            100           2
                         0800-0FFF            100
        IDLOC            2000-2003              4           2
        RAM              002E-006F             42           1
                         00A0-00EF             50
                         0110-016F             60
                         0190-01EF             60
        SFR0             0000-001F             20           1
        SFR1             0080-009F             20           1
        SFR2             0100-010F             10           1
        SFR3             0180-018F             10           1
        STACK            0110-016F             60           1
        STRCODE          0002-06CA            6C9           2
                         0800-0FFF            800
        STRING           0002-06CA            100           2
                         0800-0FFF            100

                                  Symbol Table

SD1602_control@c         cstackCOMMON 0074
SD1602_display@c         cstackCOMMON 0074
SD1602_print@s           cstackCOMMON 0076
SD1602_write@c           cstackCOMMON 0072
SD1602_write@r           cstackCOMMON 0070
_ANSEL                   (abs)        009B
_PORTA                   (abs)        0005
_PORTB                   (abs)        0006
_SD1602_clear            text7        06E7
_SD1602_control          text6        0709
_SD1602_display          text4        0722
_SD1602_init             text5        0761
_SD1602_print            text3        06F6
_SD1602_write            text8        073D
_TRISA                   (abs)        0085
_TRISB                   (abs)        0086
__CFG_CP$OFF             (abs)        0000
__CFG_FOSC$HS            (abs)        0000
__CFG_PWRTE$ON           (abs)        0000
__CFG_WDTE$OFF           (abs)        0000
__Habs1                  abs1         0000
__Hbank0                 bank0        0000
__Hbank1                 bank1        0000
__Hbank2                 bank2        0000
__Hbank3                 bank3        0000
__Hcinit                 cinit        0800
__Hclrtext               clrtext      0000
__Hcode                  code         0000
__Hcommon                common       0000
__Hconfig                config       2008
__HcstackBANK0           cstackBANK0  0000
__HcstackCOMMON          cstackCOMMON 0000
__HdataBANK0             dataBANK0    0000
__Heeprom_data           eeprom_data  0000
__Hend_init              end_init     0002
__Hfunctab               functab      0000
__HidataBANK0            idataBANK0   0000
__Hidloc                 idloc        0000
__Hinit                  init         0000
__Hintentry              intentry     0000
__Hmaintext              maintext     0000
__Hpowerup               powerup      0000
__Hram                   ram          0000
__Hreset_vec             reset_vec    0000
__Hsfr0                  sfr0         0000
__Hsfr1                  sfr1         0000
__Hsfr2                  sfr2         0000
__Hsfr3                  sfr3         0000
__Hspace_0               (abs)        2008
__Hspace_1               (abs)        007B
__Hspace_2               (abs)        0000
__Hspace_3               (abs)        0000
__Hstack                 stack        0000
__Hstrings               strings      0000
__Htext                  text         0000
__Labs1                  abs1         0000
__Lbank0                 bank0        0000
__Lbank1                 bank1        0000
__Lbank2                 bank2        0000
__Lbank3                 bank3        0000
__Lcinit                 cinit        07E2
__Lclrtext               clrtext      0000
__Lcode                  code         0000
__Lcommon                common       0000
__Lconfig                config       2007
__LcstackBANK0           cstackBANK0  0000
__LcstackCOMMON          cstackCOMMON 0000
__LdataBANK0             dataBANK0    0000
__Leeprom_data           eeprom_data  0000
__Lend_init              end_init     0000
__Lfunctab               functab      0000
__LidataBANK0            idataBANK0   0000
__Lidloc                 idloc        0000
__Linit                  init         0000
__Lintentry              intentry     0000
__Lmaintext              maintext     0000
__Loop_LCD               text2        0799
__Loop_LCD@F1012         dataBANK0    0020
__Loop_LCD@s             cstackBANK0  0027
__Lpowerup               powerup      0000
__Lram                   ram          0000
__Lreset_vec             reset_vec    0000
__Lsfr0                  sfr0         0000
__Lsfr1                  sfr1         0000
__Lsfr2                  sfr2         0000
__Lsfr3                  sfr3         0000
__Lspace_0               (abs)        0000
__Lspace_1               (abs)        0000
__Lspace_2               (abs)        0000
__Lspace_3               (abs)        0000
__Lstack                 stack        0000
__Lstrings               strings      0000
__Ltext                  text         0000
__S0                     (abs)        2008
__S1                     (abs)        007B
__S2                     (abs)        0000
__S3                     (abs)        0000
__Setup                  text1        06D9
___int_sp                stack        0000
___latbits               (abs)        0001
___sp                    stack        0000
__end_of_SD1602_clear    text7        06F6
__end_of_SD1602_control  text6        0722
__end_of_SD1602_display  text4        073D
__end_of_SD1602_init     text5        0799
__end_of_SD1602_print    text3        0709
__end_of_SD1602_write    text8        0761
__end_of__Loop_LCD       text2        07E2
__end_of__Setup          text1        06E7
__end_of__initialization cinit        07FD
__end_of_main            maintext     06D2
__initialization         cinit        07E2
__pcstackBANK0           cstackBANK0  0027
__pcstackCOMMON          cstackCOMMON 0070
__pdataBANK0             dataBANK0    0020
__pidataBANK0            idataBANK0   06D2
__pmaintext              maintext     06CB
__ptext1                 text1        06D9
__ptext2                 text2        0799
__ptext3                 text3        06F6
__ptext4                 text4        0722
__ptext5                 text5        0761
__ptext6                 text6        0709
__ptext7                 text7        06E7
__ptext8                 text8        073D
__size_of_SD1602_clear   (abs)        0000
__size_of_SD1602_control (abs)        0000
__size_of_SD1602_display (abs)        0000
__size_of_SD1602_init    (abs)        0000
__size_of_SD1602_print   (abs)        0000
__size_of_SD1602_write   (abs)        0000
__size_of__Loop_LCD      (abs)        0000
__size_of__Setup         (abs)        0000
__size_of_main           (abs)        0000
_main                    maintext     06CB
btemp                    (abs)        007E
end_of_initialization    cinit        07FD
intlevel0                functab      0000
intlevel1                functab      0000
intlevel2                functab      0000
intlevel3                functab      0000
intlevel4                functab      0000
intlevel5                functab      0000
ltemp                    (abs)        007E
ltemp0                   (abs)        007E
ltemp1                   (abs)        0082
ltemp2                   (abs)        0086
ltemp3                   (abs)        0080
reset_vec                reset_vec    0000
stackhi                  (abs)        0000
stacklo                  (abs)        0000
start                    init         0000
start_initialization     cinit        07E2
ttemp                    (abs)        007E
ttemp0                   (abs)        007E
ttemp1                   (abs)        0081
ttemp2                   (abs)        0084
ttemp3                   (abs)        0087
ttemp4                   (abs)        007F
wtemp                    (abs)        007E
wtemp0                   (abs)        007E
wtemp1                   (abs)        0080
wtemp2                   (abs)        0082
wtemp3                   (abs)        0084
wtemp4                   (abs)        0086
wtemp5                   (abs)        0088
wtemp6                   (abs)        007F


FUNCTION INFORMATION:

 *************** function _main *****************
 Defined at:
		line 26 in file "D-97_LCD_v-2_0.c"
 Parameters:    Size  Location     Type
		None
 Auto vars:     Size  Location     Type
		None
 Return value:  Size  Location     Type
		None               void
 Registers used:
		wreg, fsr0l, fsr0h, status,2, status,0, pclath, cstack
 Tracked objects:
		On entry : 
		On exit  : 
		Unchanged: 
 Data sizes:     COMMON   BANK0   BANK1   BANK3   BANK2
      Params:         0       0       0       0       0
      Locals:         0       0       0       0       0
      Temps:          0       0       0       0       0
      Totals:         0       0       0       0       0
Total ram usage:        0 bytes
 Hardware stack levels required when called:    4
 This function calls:
		__Loop_LCD
		__Setup
 This function is called by:
		Startup code after reset
 This function uses a non-reentrant model


 *************** function __Setup *****************
 Defined at:
		line 55 in file "D-97_LCD_v-2_0.c"
 Parameters:    Size  Location     Type
		None
 Auto vars:     Size  Location     Type
		None
 Return value:  Size  Location     Type
		None               void
 Registers used:
		wreg, status,2, status,0, pclath, cstack
 Tracked objects:
		On entry : 
		On exit  : 
		Unchanged: 
 Data sizes:     COMMON   BANK0   BANK1   BANK3   BANK2
      Params:         0       0       0       0       0
      Locals:         0       0       0       0       0
      Temps:          0       0       0       0       0
      Totals:         0       0       0       0       0
Total ram usage:        0 bytes
 Hardware stack levels used:    1
 Hardware stack levels required when called:    3
 This function calls:
		_SD1602_init
 This function is called by:
		_main
 This function uses a non-reentrant model


 *************** function __Loop_LCD *****************
 Defined at:
		line 120 in file "D-97_LCD_v-2_0.c"
 Parameters:    Size  Location     Type
		None
 Auto vars:     Size  Location     Type
  s               7    0[BANK0 ] unsigned char [7]
 Return value:  Size  Location     Type
		None               void
 Registers used:
		wreg, fsr0l, fsr0h, status,2, status,0, pclath, cstack
 Tracked objects:
		On entry : 
		On exit  : 
		Unchanged: 
 Data sizes:     COMMON   BANK0   BANK1   BANK3   BANK2
      Params:         0       0       0       0       0
      Locals:         0       7       0       0       0
      Temps:          4       0       0       0       0
      Totals:         4       7       0       0       0
Total ram usage:       11 bytes
 Hardware stack levels used:    1
 Hardware stack levels required when called:    3
 This function calls:
		_SD1602_clear
		_SD1602_control
		_SD1602_init
		_SD1602_print
 This function is called by:
		_main
 This function uses a non-reentrant model


 *************** function _SD1602_print *****************
 Defined at:
		line 61 in file "SD1602_4bit_mode.h"
 Parameters:    Size  Location     Type
  s               1    wreg     PTR unsigned char 
		 -> _Loop_LCD@s(7), 
 Auto vars:     Size  Location     Type
  s               1    6[COMMON] PTR unsigned char 
		 -> _Loop_LCD@s(7), 
 Return value:  Size  Location     Type
		None               void
 Registers used:
		wreg, fsr0l, fsr0h, status,2, status,0, pclath, cstack
 Tracked objects:
		On entry : 
		On exit  : 
		Unchanged: 
 Data sizes:     COMMON   BANK0   BANK1   BANK3   BANK2
      Params:         0       0       0       0       0
      Locals:         1       0       0       0       0
      Temps:          1       0       0       0       0
      Totals:         2       0       0       0       0
Total ram usage:        2 bytes
 Hardware stack levels used:    1
 Hardware stack levels required when called:    2
 This function calls:
		_SD1602_display
 This function is called by:
		__Loop_LCD
 This function uses a non-reentrant model


 *************** function _SD1602_display *****************
 Defined at:
		line 23 in file "SD1602_4bit_mode.h"
 Parameters:    Size  Location     Type
  c               1    wreg     unsigned char 
 Auto vars:     Size  Location     Type
  c               1    4[COMMON] unsigned char 
 Return value:  Size  Location     Type
		None               void
 Registers used:
		wreg, status,2, status,0, pclath, cstack
 Tracked objects:
		On entry : 
		On exit  : 
		Unchanged: 
 Data sizes:     COMMON   BANK0   BANK1   BANK3   BANK2
      Params:         0       0       0       0       0
      Locals:         1       0       0       0       0
      Temps:          1       0       0       0       0
      Totals:         2       0       0       0       0
Total ram usage:        2 bytes
 Hardware stack levels used:    1
 Hardware stack levels required when called:    1
 This function calls:
		_SD1602_write
 This function is called by:
		_SD1602_print
 This function uses a non-reentrant model


 *************** function _SD1602_init *****************
 Defined at:
		line 44 in file "SD1602_4bit_mode.h"
 Parameters:    Size  Location     Type
		None
 Auto vars:     Size  Location     Type
		None
 Return value:  Size  Location     Type
		None               void
 Registers used:
		wreg, status,2, status,0, pclath, cstack
 Tracked objects:
		On entry : 
		On exit  : 
		Unchanged: 
 Data sizes:     COMMON   BANK0   BANK1   BANK3   BANK2
      Params:         0       0       0       0       0
      Locals:         0       0       0       0       0
      Temps:          1       0       0       0       0
      Totals:         1       0       0       0       0
Total ram usage:        1 bytes
 Hardware stack levels used:    1
 Hardware stack levels required when called:    2
 This function calls:
		_SD1602_control
		_SD1602_write
 This function is called by:
		__Setup
		__Loop_LCD
 This function uses a non-reentrant model


 *************** function _SD1602_control *****************
 Defined at:
		line 30 in file "SD1602_4bit_mode.h"
 Parameters:    Size  Location     Type
  c               1    wreg     unsigned char 
 Auto vars:     Size  Location     Type
  c               1    4[COMMON] unsigned char 
 Return value:  Size  Location     Type
		None               void
 Registers used:
		wreg, status,2, status,0, pclath, cstack
 Tracked objects:
		On entry : 
		On exit  : 
		Unchanged: 
 Data sizes:     COMMON   BANK0   BANK1   BANK3   BANK2
      Params:         0       0       0       0       0
      Locals:         1       0       0       0       0
      Temps:          1       0       0       0       0
      Totals:         2       0       0       0       0
Total ram usage:        2 bytes
 Hardware stack levels used:    1
 Hardware stack levels required when called:    1
 This function calls:
		_SD1602_write
 This function is called by:
		_SD1602_init
		__Loop_LCD
 This function uses a non-reentrant model


 *************** function _SD1602_clear *****************
 Defined at:
		line 37 in file "SD1602_4bit_mode.h"
 Parameters:    Size  Location     Type
		None
 Auto vars:     Size  Location     Type
		None
 Return value:  Size  Location     Type
		None               void
 Registers used:
		wreg, status,2, status,0, pclath, cstack
 Tracked objects:
		On entry : 
		On exit  : 
		Unchanged: 
 Data sizes:     COMMON   BANK0   BANK1   BANK3   BANK2
      Params:         0       0       0       0       0
      Locals:         0       0       0       0       0
      Temps:          1       0       0       0       0
      Totals:         1       0       0       0       0
Total ram usage:        1 bytes
 Hardware stack levels used:    1
 Hardware stack levels required when called:    1
 This function calls:
		_SD1602_write
 This function is called by:
		__Loop_LCD
 This function uses a non-reentrant model


 *************** function _SD1602_write *****************
 Defined at:
		line 3 in file "SD1602_4bit_mode.h"
 Parameters:    Size  Location     Type
  c               1    wreg     unsigned char 
  r               1    0[COMMON] unsigned char 
 Auto vars:     Size  Location     Type
  c               1    2[COMMON] unsigned char 
 Return value:  Size  Location     Type
		None               void
 Registers used:
		wreg, status,2, status,0
 Tracked objects:
		On entry : 
		On exit  : 
		Unchanged: 
 Data sizes:     COMMON   BANK0   BANK1   BANK3   BANK2
      Params:         1       0       0       0       0
      Locals:         1       0       0       0       0
      Temps:          1       0       0       0       0
      Totals:         3       0       0       0       0
Total ram usage:        3 bytes
 Hardware stack levels used:    1
 This function calls:
		Nothing
 This function is called by:
		_SD1602_display
		_SD1602_control
		_SD1602_clear
		_SD1602_init
 This function uses a non-reentrant model



MODULE INFORMATION

Module		Function		Class		Link	Load	Size
D-97_LCD_v-2_0.c
		__Loop_LCD     		CODE           	0799	0000	73
		_main          		CODE           	06CB	0000	7
		__Setup        		CODE           	06D9	0000	14

D-97_LCD_v-2_0.c estimated size: 94

shared
		__initializatio		CODE           	07E2	0000	27

shared estimated size: 27

SD1602_4bit_mode.h
		_SD1602_init   		CODE           	0761	0000	56
		_SD1602_write  		CODE           	073D	0000	36
		_SD1602_clear  		CODE           	06E7	0000	15
		_SD1602_print  		CODE           	06F6	0000	19
		_SD1602_control		CODE           	0709	0000	25
		_SD1602_display		CODE           	0722	0000	27

SD1602_4bit_mode.h estimated size: 178

