MPLINK 4.45, Linker
Linker Map File - Created Thu Aug 29 21:01:52 2013

                                 Section Info
                  Section       Type    Address   Location Size(Bytes)
                ---------  ---------  ---------  ---------  ---------
                   .org_0       code   0x000000    program   0x000002
                   .cinit    romdata   0x000001    program   0x000004
                   .org_1       code   0x000004    program   0x00003e
.config_2007_D-6_PIC12_FIRST_V-1.0.O       code   0x002007    program   0x000002



                              Program Memory Usage 
                               Start         End      
                           ---------   ---------      
                            0x000000    0x000002      
                            0x000004    0x000022      
                            0x002007    0x002007      
            35 out of 1158 program addresses used, program memory utilization is 3%



                              Symbols - Sorted by Name
                     Name    Address   Location    Storage File                     
                ---------  ---------  ---------  --------- ---------                
                     DLP1   0x000018    program     static C:\WORKS\WS\Electronics\Embedded\D-6_PIC12_First\D-6_PIC12_First_v-1.0\D-6_PIC12_First_v-1.0.asm
                     DLP2   0x00001a    program     static C:\WORKS\WS\Electronics\Embedded\D-6_PIC12_First\D-6_PIC12_First_v-1.0\D-6_PIC12_First_v-1.0.asm
                  DLY_100   0x000016    program     static C:\WORKS\WS\Electronics\Embedded\D-6_PIC12_First\D-6_PIC12_First_v-1.0\D-6_PIC12_First_v-1.0.asm
                   DLY_1S   0x000014    program     static C:\WORKS\WS\Electronics\Embedded\D-6_PIC12_First\D-6_PIC12_First_v-1.0\D-6_PIC12_First_v-1.0.asm
                     main   0x000005    program     static C:\WORKS\WS\Electronics\Embedded\D-6_PIC12_First\D-6_PIC12_First_v-1.0\D-6_PIC12_First_v-1.0.asm
                main_loop   0x00000f    program     static C:\WORKS\WS\Electronics\Embedded\D-6_PIC12_First\D-6_PIC12_First_v-1.0\D-6_PIC12_First_v-1.0.asm



                              Symbols - Sorted by Address
                     Name    Address   Location    Storage File                     
                ---------  ---------  ---------  --------- ---------                
                     main   0x000005    program     static C:\WORKS\WS\Electronics\Embedded\D-6_PIC12_First\D-6_PIC12_First_v-1.0\D-6_PIC12_First_v-1.0.asm
                main_loop   0x00000f    program     static C:\WORKS\WS\Electronics\Embedded\D-6_PIC12_First\D-6_PIC12_First_v-1.0\D-6_PIC12_First_v-1.0.asm
                   DLY_1S   0x000014    program     static C:\WORKS\WS\Electronics\Embedded\D-6_PIC12_First\D-6_PIC12_First_v-1.0\D-6_PIC12_First_v-1.0.asm
                  DLY_100   0x000016    program     static C:\WORKS\WS\Electronics\Embedded\D-6_PIC12_First\D-6_PIC12_First_v-1.0\D-6_PIC12_First_v-1.0.asm
                     DLP1   0x000018    program     static C:\WORKS\WS\Electronics\Embedded\D-6_PIC12_First\D-6_PIC12_First_v-1.0\D-6_PIC12_First_v-1.0.asm
                     DLP2   0x00001a    program     static C:\WORKS\WS\Electronics\Embedded\D-6_PIC12_First\D-6_PIC12_First_v-1.0\D-6_PIC12_First_v-1.0.asm


