MPLINK 4.42, Linker
Linker Map File - Created Fri Sep 12 12:41:19 2014

                                 Section Info
                  Section       Type    Address   Location Size(Bytes)
                ---------  ---------  ---------  ---------  ---------
                   .org_0       code   0x000000    program   0x000002
                   .cinit    romdata   0x000001    program   0x000004
                   .org_1       code   0x000004    program   0x0000cc
.config_2007_D-93_PIC16_F88_A-D-CONV_V-1.0.O       code   0x002007    program   0x000002



                              Program Memory Usage 
                               Start         End      
                           ---------   ---------      
                            0x000000    0x000002      
                            0x000004    0x000069      
                            0x002007    0x002007      
            106 out of 4359 program addresses used, program memory utilization is 2%



                              Symbols - Sorted by Name
                     Name    Address   Location    Storage File                     
                ---------  ---------  ---------  --------- ---------                
                  bin2hex   0x000059    program     static C:\WORKS\WS\Embedded\D-90~\D-93_PIC16_F88_A-D-conv\D-93_PIC16_F88_A-D-conv_v-1.0\D-93_PIC16_F88_A-D-conv_v-1.0.asm
                  chg7seg   0x00003e    program     static C:\WORKS\WS\Embedded\D-90~\D-93_PIC16_F88_A-D-conv\D-93_PIC16_F88_A-D-conv_v-1.0\D-93_PIC16_F88_A-D-conv_v-1.0.asm
                 chg7seg1   0x000048    program     static C:\WORKS\WS\Embedded\D-90~\D-93_PIC16_F88_A-D-conv\D-93_PIC16_F88_A-D-conv_v-1.0\D-93_PIC16_F88_A-D-conv_v-1.0.asm
                 chg7seg2   0x00004d    program     static C:\WORKS\WS\Embedded\D-90~\D-93_PIC16_F88_A-D-conv\D-93_PIC16_F88_A-D-conv_v-1.0\D-93_PIC16_F88_A-D-conv_v-1.0.asm
                 chg7seg3   0x000052    program     static C:\WORKS\WS\Embedded\D-90~\D-93_PIC16_F88_A-D-conv\D-93_PIC16_F88_A-D-conv_v-1.0\D-93_PIC16_F88_A-D-conv_v-1.0.asm
                 chg7seg9   0x000056    program     static C:\WORKS\WS\Embedded\D-90~\D-93_PIC16_F88_A-D-conv\D-93_PIC16_F88_A-D-conv_v-1.0\D-93_PIC16_F88_A-D-conv_v-1.0.asm
                     init   0x000013    program     static C:\WORKS\WS\Embedded\D-90~\D-93_PIC16_F88_A-D-conv\D-93_PIC16_F88_A-D-conv_v-1.0\D-93_PIC16_F88_A-D-conv_v-1.0.asm
                     intr   0x000004    program     static C:\WORKS\WS\Embedded\D-90~\D-93_PIC16_F88_A-D-conv\D-93_PIC16_F88_A-D-conv_v-1.0\D-93_PIC16_F88_A-D-conv_v-1.0.asm
                    intr9   0x00000e    program     static C:\WORKS\WS\Embedded\D-90~\D-93_PIC16_F88_A-D-conv\D-93_PIC16_F88_A-D-conv_v-1.0\D-93_PIC16_F88_A-D-conv_v-1.0.asm
                     main   0x00002c    program     static C:\WORKS\WS\Embedded\D-90~\D-93_PIC16_F88_A-D-conv\D-93_PIC16_F88_A-D-conv_v-1.0\D-93_PIC16_F88_A-D-conv_v-1.0.asm
                    main1   0x00002f    program     static C:\WORKS\WS\Embedded\D-90~\D-93_PIC16_F88_A-D-conv\D-93_PIC16_F88_A-D-conv_v-1.0\D-93_PIC16_F88_A-D-conv_v-1.0.asm
                    main2   0x000033    program     static C:\WORKS\WS\Embedded\D-90~\D-93_PIC16_F88_A-D-conv\D-93_PIC16_F88_A-D-conv_v-1.0\D-93_PIC16_F88_A-D-conv_v-1.0.asm
                    main5   0x00003b    program     static C:\WORKS\WS\Embedded\D-90~\D-93_PIC16_F88_A-D-conv\D-93_PIC16_F88_A-D-conv_v-1.0\D-93_PIC16_F88_A-D-conv_v-1.0.asm



                              Symbols - Sorted by Address
                     Name    Address   Location    Storage File                     
                ---------  ---------  ---------  --------- ---------                
                     intr   0x000004    program     static C:\WORKS\WS\Embedded\D-90~\D-93_PIC16_F88_A-D-conv\D-93_PIC16_F88_A-D-conv_v-1.0\D-93_PIC16_F88_A-D-conv_v-1.0.asm
                    intr9   0x00000e    program     static C:\WORKS\WS\Embedded\D-90~\D-93_PIC16_F88_A-D-conv\D-93_PIC16_F88_A-D-conv_v-1.0\D-93_PIC16_F88_A-D-conv_v-1.0.asm
                     init   0x000013    program     static C:\WORKS\WS\Embedded\D-90~\D-93_PIC16_F88_A-D-conv\D-93_PIC16_F88_A-D-conv_v-1.0\D-93_PIC16_F88_A-D-conv_v-1.0.asm
                     main   0x00002c    program     static C:\WORKS\WS\Embedded\D-90~\D-93_PIC16_F88_A-D-conv\D-93_PIC16_F88_A-D-conv_v-1.0\D-93_PIC16_F88_A-D-conv_v-1.0.asm
                    main1   0x00002f    program     static C:\WORKS\WS\Embedded\D-90~\D-93_PIC16_F88_A-D-conv\D-93_PIC16_F88_A-D-conv_v-1.0\D-93_PIC16_F88_A-D-conv_v-1.0.asm
                    main2   0x000033    program     static C:\WORKS\WS\Embedded\D-90~\D-93_PIC16_F88_A-D-conv\D-93_PIC16_F88_A-D-conv_v-1.0\D-93_PIC16_F88_A-D-conv_v-1.0.asm
                    main5   0x00003b    program     static C:\WORKS\WS\Embedded\D-90~\D-93_PIC16_F88_A-D-conv\D-93_PIC16_F88_A-D-conv_v-1.0\D-93_PIC16_F88_A-D-conv_v-1.0.asm
                  chg7seg   0x00003e    program     static C:\WORKS\WS\Embedded\D-90~\D-93_PIC16_F88_A-D-conv\D-93_PIC16_F88_A-D-conv_v-1.0\D-93_PIC16_F88_A-D-conv_v-1.0.asm
                 chg7seg1   0x000048    program     static C:\WORKS\WS\Embedded\D-90~\D-93_PIC16_F88_A-D-conv\D-93_PIC16_F88_A-D-conv_v-1.0\D-93_PIC16_F88_A-D-conv_v-1.0.asm
                 chg7seg2   0x00004d    program     static C:\WORKS\WS\Embedded\D-90~\D-93_PIC16_F88_A-D-conv\D-93_PIC16_F88_A-D-conv_v-1.0\D-93_PIC16_F88_A-D-conv_v-1.0.asm
                 chg7seg3   0x000052    program     static C:\WORKS\WS\Embedded\D-90~\D-93_PIC16_F88_A-D-conv\D-93_PIC16_F88_A-D-conv_v-1.0\D-93_PIC16_F88_A-D-conv_v-1.0.asm
                 chg7seg9   0x000056    program     static C:\WORKS\WS\Embedded\D-90~\D-93_PIC16_F88_A-D-conv\D-93_PIC16_F88_A-D-conv_v-1.0\D-93_PIC16_F88_A-D-conv_v-1.0.asm
                  bin2hex   0x000059    program     static C:\WORKS\WS\Embedded\D-90~\D-93_PIC16_F88_A-D-conv\D-93_PIC16_F88_A-D-conv_v-1.0\D-93_PIC16_F88_A-D-conv_v-1.0.asm


