MPLINK 4.42, Linker
Linker Map File - Created Sun Oct 12 16:18:27 2014

                                 Section Info
                  Section       Type    Address   Location Size(Bytes)
                ---------  ---------  ---------  ---------  ---------
                   .org_0       code   0x000000    program   0x000002
                   .cinit    romdata   0x000001    program   0x000004
                   .org_1       code   0x000004    program   0x000110
.config_2007_D-94_ADC_TEMP_1.0.O       code   0x002007    program   0x000002
.config_2008_D-94_ADC_TEMP_1.0.O       code   0x002008    program   0x000002



                              Program Memory Usage 
                               Start         End      
                           ---------   ---------      
                            0x000000    0x000002      
                            0x000004    0x00008b      
                            0x002007    0x002008      
            141 out of 4359 program addresses used, program memory utilization is 3%



                              Symbols - Sorted by Name
                     Name    Address   Location    Storage File                     
                ---------  ---------  ---------  --------- ---------                
                      ADC   0x000026    program     static C:\WORKS\WS\Embedded\D-90~\D-94_ADC_temp\D-94_ADC_temp_1.x\D-94_ADC_temp_1.0\D-94_ADC_temp_1.0.asm
                     INIT   0x000006    program     static C:\WORKS\WS\Embedded\D-90~\D-94_ADC_temp\D-94_ADC_temp_1.x\D-94_ADC_temp_1.0\D-94_ADC_temp_1.0.asm
                   LED_ON   0x000031    program     static C:\WORKS\WS\Embedded\D-90~\D-94_ADC_temp\D-94_ADC_temp_1.x\D-94_ADC_temp_1.0\D-94_ADC_temp_1.0.asm
                     LOOP   0x000022    program     static C:\WORKS\WS\Embedded\D-90~\D-94_ADC_temp\D-94_ADC_temp_1.x\D-94_ADC_temp_1.0\D-94_ADC_temp_1.0.asm
                   LOOP_1   0x000022    program     static C:\WORKS\WS\Embedded\D-90~\D-94_ADC_temp\D-94_ADC_temp_1.x\D-94_ADC_temp_1.0\D-94_ADC_temp_1.0.asm
                   LOOP_9   0x00002e    program     static C:\WORKS\WS\Embedded\D-90~\D-94_ADC_temp\D-94_ADC_temp_1.x\D-94_ADC_temp_1.0\D-94_ADC_temp_1.0.asm
                   T02mLP   0x000057    program     static C:\WORKS\WS\Embedded\D-90~\D-94_ADC_temp\D-94_ADC_temp_1.x\D-94_ADC_temp_1.0\D-94_ADC_temp_1.0.asm
                    T02mS   0x000055    program     static C:\WORKS\WS\Embedded\D-90~\D-94_ADC_temp\D-94_ADC_temp_1.x\D-94_ADC_temp_1.0\D-94_ADC_temp_1.0.asm
                    T1SLP   0x00004b    program     static C:\WORKS\WS\Embedded\D-90~\D-94_ADC_temp\D-94_ADC_temp_1.x\D-94_ADC_temp_1.0\D-94_ADC_temp_1.0.asm
                    T5mLP   0x000051    program     static C:\WORKS\WS\Embedded\D-90~\D-94_ADC_temp\D-94_ADC_temp_1.x\D-94_ADC_temp_1.0\D-94_ADC_temp_1.0.asm
                     T5mS   0x00004f    program     static C:\WORKS\WS\Embedded\D-90~\D-94_ADC_temp\D-94_ADC_temp_1.x\D-94_ADC_temp_1.0\D-94_ADC_temp_1.0.asm
                   TX02mS   0x00005b    program     static C:\WORKS\WS\Embedded\D-90~\D-94_ADC_temp\D-94_ADC_temp_1.x\D-94_ADC_temp_1.0\D-94_ADC_temp_1.0.asm
                    TX5mS   0x00004a    program     static C:\WORKS\WS\Embedded\D-90~\D-94_ADC_temp\D-94_ADC_temp_1.x\D-94_ADC_temp_1.0\D-94_ADC_temp_1.0.asm
                  bin2hex   0x00007a    program     static C:\WORKS\WS\Embedded\D-90~\D-94_ADC_temp\D-94_ADC_temp_1.x\D-94_ADC_temp_1.0\D-94_ADC_temp_1.0.asm
                  chg7seg   0x00005e    program     static C:\WORKS\WS\Embedded\D-90~\D-94_ADC_temp\D-94_ADC_temp_1.x\D-94_ADC_temp_1.0\D-94_ADC_temp_1.0.asm
                 chg7seg1   0x000068    program     static C:\WORKS\WS\Embedded\D-90~\D-94_ADC_temp\D-94_ADC_temp_1.x\D-94_ADC_temp_1.0\D-94_ADC_temp_1.0.asm
                 chg7seg2   0x00006d    program     static C:\WORKS\WS\Embedded\D-90~\D-94_ADC_temp\D-94_ADC_temp_1.x\D-94_ADC_temp_1.0\D-94_ADC_temp_1.0.asm
                 chg7seg3   0x000072    program     static C:\WORKS\WS\Embedded\D-90~\D-94_ADC_temp\D-94_ADC_temp_1.x\D-94_ADC_temp_1.0\D-94_ADC_temp_1.0.asm
                 chg7seg9   0x000077    program     static C:\WORKS\WS\Embedded\D-90~\D-94_ADC_temp\D-94_ADC_temp_1.x\D-94_ADC_temp_1.0\D-94_ADC_temp_1.0.asm
                     intr   0x00003e    program     static C:\WORKS\WS\Embedded\D-90~\D-94_ADC_temp\D-94_ADC_temp_1.x\D-94_ADC_temp_1.0\D-94_ADC_temp_1.0.asm
                    intr9   0x000047    program     static C:\WORKS\WS\Embedded\D-90~\D-94_ADC_temp\D-94_ADC_temp_1.x\D-94_ADC_temp_1.0\D-94_ADC_temp_1.0.asm
                     main   0x00001f    program     static C:\WORKS\WS\Embedded\D-90~\D-94_ADC_temp\D-94_ADC_temp_1.x\D-94_ADC_temp_1.0\D-94_ADC_temp_1.0.asm



                              Symbols - Sorted by Address
                     Name    Address   Location    Storage File                     
                ---------  ---------  ---------  --------- ---------                
                     INIT   0x000006    program     static C:\WORKS\WS\Embedded\D-90~\D-94_ADC_temp\D-94_ADC_temp_1.x\D-94_ADC_temp_1.0\D-94_ADC_temp_1.0.asm
                     main   0x00001f    program     static C:\WORKS\WS\Embedded\D-90~\D-94_ADC_temp\D-94_ADC_temp_1.x\D-94_ADC_temp_1.0\D-94_ADC_temp_1.0.asm
                   LOOP_1   0x000022    program     static C:\WORKS\WS\Embedded\D-90~\D-94_ADC_temp\D-94_ADC_temp_1.x\D-94_ADC_temp_1.0\D-94_ADC_temp_1.0.asm
                     LOOP   0x000022    program     static C:\WORKS\WS\Embedded\D-90~\D-94_ADC_temp\D-94_ADC_temp_1.x\D-94_ADC_temp_1.0\D-94_ADC_temp_1.0.asm
                      ADC   0x000026    program     static C:\WORKS\WS\Embedded\D-90~\D-94_ADC_temp\D-94_ADC_temp_1.x\D-94_ADC_temp_1.0\D-94_ADC_temp_1.0.asm
                   LOOP_9   0x00002e    program     static C:\WORKS\WS\Embedded\D-90~\D-94_ADC_temp\D-94_ADC_temp_1.x\D-94_ADC_temp_1.0\D-94_ADC_temp_1.0.asm
                   LED_ON   0x000031    program     static C:\WORKS\WS\Embedded\D-90~\D-94_ADC_temp\D-94_ADC_temp_1.x\D-94_ADC_temp_1.0\D-94_ADC_temp_1.0.asm
                     intr   0x00003e    program     static C:\WORKS\WS\Embedded\D-90~\D-94_ADC_temp\D-94_ADC_temp_1.x\D-94_ADC_temp_1.0\D-94_ADC_temp_1.0.asm
                    intr9   0x000047    program     static C:\WORKS\WS\Embedded\D-90~\D-94_ADC_temp\D-94_ADC_temp_1.x\D-94_ADC_temp_1.0\D-94_ADC_temp_1.0.asm
                    TX5mS   0x00004a    program     static C:\WORKS\WS\Embedded\D-90~\D-94_ADC_temp\D-94_ADC_temp_1.x\D-94_ADC_temp_1.0\D-94_ADC_temp_1.0.asm
                    T1SLP   0x00004b    program     static C:\WORKS\WS\Embedded\D-90~\D-94_ADC_temp\D-94_ADC_temp_1.x\D-94_ADC_temp_1.0\D-94_ADC_temp_1.0.asm
                     T5mS   0x00004f    program     static C:\WORKS\WS\Embedded\D-90~\D-94_ADC_temp\D-94_ADC_temp_1.x\D-94_ADC_temp_1.0\D-94_ADC_temp_1.0.asm
                    T5mLP   0x000051    program     static C:\WORKS\WS\Embedded\D-90~\D-94_ADC_temp\D-94_ADC_temp_1.x\D-94_ADC_temp_1.0\D-94_ADC_temp_1.0.asm
                    T02mS   0x000055    program     static C:\WORKS\WS\Embedded\D-90~\D-94_ADC_temp\D-94_ADC_temp_1.x\D-94_ADC_temp_1.0\D-94_ADC_temp_1.0.asm
                   T02mLP   0x000057    program     static C:\WORKS\WS\Embedded\D-90~\D-94_ADC_temp\D-94_ADC_temp_1.x\D-94_ADC_temp_1.0\D-94_ADC_temp_1.0.asm
                   TX02mS   0x00005b    program     static C:\WORKS\WS\Embedded\D-90~\D-94_ADC_temp\D-94_ADC_temp_1.x\D-94_ADC_temp_1.0\D-94_ADC_temp_1.0.asm
                  chg7seg   0x00005e    program     static C:\WORKS\WS\Embedded\D-90~\D-94_ADC_temp\D-94_ADC_temp_1.x\D-94_ADC_temp_1.0\D-94_ADC_temp_1.0.asm
                 chg7seg1   0x000068    program     static C:\WORKS\WS\Embedded\D-90~\D-94_ADC_temp\D-94_ADC_temp_1.x\D-94_ADC_temp_1.0\D-94_ADC_temp_1.0.asm
                 chg7seg2   0x00006d    program     static C:\WORKS\WS\Embedded\D-90~\D-94_ADC_temp\D-94_ADC_temp_1.x\D-94_ADC_temp_1.0\D-94_ADC_temp_1.0.asm
                 chg7seg3   0x000072    program     static C:\WORKS\WS\Embedded\D-90~\D-94_ADC_temp\D-94_ADC_temp_1.x\D-94_ADC_temp_1.0\D-94_ADC_temp_1.0.asm
                 chg7seg9   0x000077    program     static C:\WORKS\WS\Embedded\D-90~\D-94_ADC_temp\D-94_ADC_temp_1.x\D-94_ADC_temp_1.0\D-94_ADC_temp_1.0.asm
                  bin2hex   0x00007a    program     static C:\WORKS\WS\Embedded\D-90~\D-94_ADC_temp\D-94_ADC_temp_1.x\D-94_ADC_temp_1.0\D-94_ADC_temp_1.0.asm


