MPLINK 4.42, Linker
Linker Map File - Created Wed Oct 08 17:04:15 2014

                                 Section Info
                  Section       Type    Address   Location Size(Bytes)
                ---------  ---------  ---------  ---------  ---------
                   .org_0       code   0x000000    program   0x000002
                   .cinit    romdata   0x000001    program   0x000004
                   .org_1       code   0x000004    program   0x00007e
.config_2007_D-93_PIC16_F88_AD-CONV_V-6.2.3.1       code   0x002007    program   0x000002
.config_2008_D-93_PIC16_F88_AD-CONV_V-6.2.3.1       code   0x002008    program   0x000002



                              Program Memory Usage 
                               Start         End      
                           ---------   ---------      
                            0x000000    0x000002      
                            0x000004    0x000042      
                            0x002007    0x002008      
            68 out of 4359 program addresses used, program memory utilization is 1%



                              Symbols - Sorted by Name
                     Name    Address   Location    Storage File                     
                ---------  ---------  ---------  --------- ---------                
                     INIT   0x000006    program     static C:\WORKS\WS\Embedded\D-90~\D-93_PIC16_F88_A-D-conv\D-93_PIC16_F88_AD-conv_v-6.2\D-93_PIC16_F88_AD-conv_v-6.2.3.1\D-93_PIC16_F88_AD-conv_v-6.2.3.1.asm
                 LED_2_ON   0x000017    program     static C:\WORKS\WS\Embedded\D-90~\D-93_PIC16_F88_A-D-conv\D-93_PIC16_F88_AD-conv_v-6.2\D-93_PIC16_F88_AD-conv_v-6.2.3.1\D-93_PIC16_F88_AD-conv_v-6.2.3.1.asm
                     LOOP   0x000014    program     static C:\WORKS\WS\Embedded\D-90~\D-93_PIC16_F88_A-D-conv\D-93_PIC16_F88_AD-conv_v-6.2\D-93_PIC16_F88_AD-conv_v-6.2.3.1\D-93_PIC16_F88_AD-conv_v-6.2.3.1.asm
                   T02mLP   0x00003f    program     static C:\WORKS\WS\Embedded\D-90~\D-93_PIC16_F88_A-D-conv\D-93_PIC16_F88_AD-conv_v-6.2\D-93_PIC16_F88_AD-conv_v-6.2.3.1\D-93_PIC16_F88_AD-conv_v-6.2.3.1.asm
                    T02mS   0x00003d    program     static C:\WORKS\WS\Embedded\D-90~\D-93_PIC16_F88_A-D-conv\D-93_PIC16_F88_AD-conv_v-6.2\D-93_PIC16_F88_AD-conv_v-6.2.3.1\D-93_PIC16_F88_AD-conv_v-6.2.3.1.asm
                    T1SLP   0x000033    program     static C:\WORKS\WS\Embedded\D-90~\D-93_PIC16_F88_A-D-conv\D-93_PIC16_F88_AD-conv_v-6.2\D-93_PIC16_F88_AD-conv_v-6.2.3.1\D-93_PIC16_F88_AD-conv_v-6.2.3.1.asm
                    T5mLP   0x000039    program     static C:\WORKS\WS\Embedded\D-90~\D-93_PIC16_F88_A-D-conv\D-93_PIC16_F88_AD-conv_v-6.2\D-93_PIC16_F88_AD-conv_v-6.2.3.1\D-93_PIC16_F88_AD-conv_v-6.2.3.1.asm
                     T5mS   0x000037    program     static C:\WORKS\WS\Embedded\D-90~\D-93_PIC16_F88_A-D-conv\D-93_PIC16_F88_AD-conv_v-6.2\D-93_PIC16_F88_AD-conv_v-6.2.3.1\D-93_PIC16_F88_AD-conv_v-6.2.3.1.asm
                    TX5mS   0x000032    program     static C:\WORKS\WS\Embedded\D-90~\D-93_PIC16_F88_A-D-conv\D-93_PIC16_F88_AD-conv_v-6.2\D-93_PIC16_F88_AD-conv_v-6.2.3.1\D-93_PIC16_F88_AD-conv_v-6.2.3.1.asm
                     intr   0x00001c    program     static C:\WORKS\WS\Embedded\D-90~\D-93_PIC16_F88_A-D-conv\D-93_PIC16_F88_AD-conv_v-6.2\D-93_PIC16_F88_AD-conv_v-6.2.3.1\D-93_PIC16_F88_AD-conv_v-6.2.3.1.asm
                    intr9   0x00002f    program     static C:\WORKS\WS\Embedded\D-90~\D-93_PIC16_F88_A-D-conv\D-93_PIC16_F88_AD-conv_v-6.2\D-93_PIC16_F88_AD-conv_v-6.2.3.1\D-93_PIC16_F88_AD-conv_v-6.2.3.1.asm
                     main   0x000014    program     static C:\WORKS\WS\Embedded\D-90~\D-93_PIC16_F88_A-D-conv\D-93_PIC16_F88_AD-conv_v-6.2\D-93_PIC16_F88_AD-conv_v-6.2.3.1\D-93_PIC16_F88_AD-conv_v-6.2.3.1.asm
                   main_1   0x000014    program     static C:\WORKS\WS\Embedded\D-90~\D-93_PIC16_F88_A-D-conv\D-93_PIC16_F88_AD-conv_v-6.2\D-93_PIC16_F88_AD-conv_v-6.2.3.1\D-93_PIC16_F88_AD-conv_v-6.2.3.1.asm



                              Symbols - Sorted by Address
                     Name    Address   Location    Storage File                     
                ---------  ---------  ---------  --------- ---------                
                     INIT   0x000006    program     static C:\WORKS\WS\Embedded\D-90~\D-93_PIC16_F88_A-D-conv\D-93_PIC16_F88_AD-conv_v-6.2\D-93_PIC16_F88_AD-conv_v-6.2.3.1\D-93_PIC16_F88_AD-conv_v-6.2.3.1.asm
                     LOOP   0x000014    program     static C:\WORKS\WS\Embedded\D-90~\D-93_PIC16_F88_A-D-conv\D-93_PIC16_F88_AD-conv_v-6.2\D-93_PIC16_F88_AD-conv_v-6.2.3.1\D-93_PIC16_F88_AD-conv_v-6.2.3.1.asm
                     main   0x000014    program     static C:\WORKS\WS\Embedded\D-90~\D-93_PIC16_F88_A-D-conv\D-93_PIC16_F88_AD-conv_v-6.2\D-93_PIC16_F88_AD-conv_v-6.2.3.1\D-93_PIC16_F88_AD-conv_v-6.2.3.1.asm
                   main_1   0x000014    program     static C:\WORKS\WS\Embedded\D-90~\D-93_PIC16_F88_A-D-conv\D-93_PIC16_F88_AD-conv_v-6.2\D-93_PIC16_F88_AD-conv_v-6.2.3.1\D-93_PIC16_F88_AD-conv_v-6.2.3.1.asm
                 LED_2_ON   0x000017    program     static C:\WORKS\WS\Embedded\D-90~\D-93_PIC16_F88_A-D-conv\D-93_PIC16_F88_AD-conv_v-6.2\D-93_PIC16_F88_AD-conv_v-6.2.3.1\D-93_PIC16_F88_AD-conv_v-6.2.3.1.asm
                     intr   0x00001c    program     static C:\WORKS\WS\Embedded\D-90~\D-93_PIC16_F88_A-D-conv\D-93_PIC16_F88_AD-conv_v-6.2\D-93_PIC16_F88_AD-conv_v-6.2.3.1\D-93_PIC16_F88_AD-conv_v-6.2.3.1.asm
                    intr9   0x00002f    program     static C:\WORKS\WS\Embedded\D-90~\D-93_PIC16_F88_A-D-conv\D-93_PIC16_F88_AD-conv_v-6.2\D-93_PIC16_F88_AD-conv_v-6.2.3.1\D-93_PIC16_F88_AD-conv_v-6.2.3.1.asm
                    TX5mS   0x000032    program     static C:\WORKS\WS\Embedded\D-90~\D-93_PIC16_F88_A-D-conv\D-93_PIC16_F88_AD-conv_v-6.2\D-93_PIC16_F88_AD-conv_v-6.2.3.1\D-93_PIC16_F88_AD-conv_v-6.2.3.1.asm
                    T1SLP   0x000033    program     static C:\WORKS\WS\Embedded\D-90~\D-93_PIC16_F88_A-D-conv\D-93_PIC16_F88_AD-conv_v-6.2\D-93_PIC16_F88_AD-conv_v-6.2.3.1\D-93_PIC16_F88_AD-conv_v-6.2.3.1.asm
                     T5mS   0x000037    program     static C:\WORKS\WS\Embedded\D-90~\D-93_PIC16_F88_A-D-conv\D-93_PIC16_F88_AD-conv_v-6.2\D-93_PIC16_F88_AD-conv_v-6.2.3.1\D-93_PIC16_F88_AD-conv_v-6.2.3.1.asm
                    T5mLP   0x000039    program     static C:\WORKS\WS\Embedded\D-90~\D-93_PIC16_F88_A-D-conv\D-93_PIC16_F88_AD-conv_v-6.2\D-93_PIC16_F88_AD-conv_v-6.2.3.1\D-93_PIC16_F88_AD-conv_v-6.2.3.1.asm
                    T02mS   0x00003d    program     static C:\WORKS\WS\Embedded\D-90~\D-93_PIC16_F88_A-D-conv\D-93_PIC16_F88_AD-conv_v-6.2\D-93_PIC16_F88_AD-conv_v-6.2.3.1\D-93_PIC16_F88_AD-conv_v-6.2.3.1.asm
                   T02mLP   0x00003f    program     static C:\WORKS\WS\Embedded\D-90~\D-93_PIC16_F88_A-D-conv\D-93_PIC16_F88_AD-conv_v-6.2\D-93_PIC16_F88_AD-conv_v-6.2.3.1\D-93_PIC16_F88_AD-conv_v-6.2.3.1.asm


