MPLINK 4.45, Linker
Linker Map File - Created Thu Aug 01 18:43:38 2013

                                 Section Info
                  Section       Type    Address   Location Size(Bytes)
                ---------  ---------  ---------  ---------  ---------
                   .org_0       code   0x000000    program   0x00003c
                   .cinit    romdata   0x00001e    program   0x000004
.config_0FFF_D-1_V-2.0_E-1_IF-STATEMENT.O       code   0x000fff    program   0x000002



                              Program Memory Usage 
                               Start         End      
                           ---------   ---------      
                            0x000000    0x00001f      
                            0x000fff    0x000fff      
            33 out of 261 program addresses used, program memory utilization is 12%



                              Symbols - Sorted by Name
                     Name    Address   Location    Storage File                     
                ---------  ---------  ---------  --------- ---------                
                     DLP1   0x000013    program     static C:\WORKS\WS\Electronics\Embedded\D-1_v-2.0_e-1_If-statement\D-1_v-2.0_e-1_If-statement.asm
                     DLP2   0x000015    program     static C:\WORKS\WS\Electronics\Embedded\D-1_v-2.0_e-1_If-statement\D-1_v-2.0_e-1_If-statement.asm
                      DLY   0x000010    program     static C:\WORKS\WS\Electronics\Embedded\D-1_v-2.0_e-1_If-statement\D-1_v-2.0_e-1_If-statement.asm
                  DLY_100   0x000011    program     static C:\WORKS\WS\Electronics\Embedded\D-1_v-2.0_e-1_If-statement\D-1_v-2.0_e-1_If-statement.asm
               LED_on_off   0x000007    program     static C:\WORKS\WS\Electronics\Embedded\D-1_v-2.0_e-1_If-statement\D-1_v-2.0_e-1_If-statement.asm
                dly_100ms   0x00000c    program     static C:\WORKS\WS\Electronics\Embedded\D-1_v-2.0_e-1_If-statement\D-1_v-2.0_e-1_If-statement.asm
                   dly_1S   0x00000e    program     static C:\WORKS\WS\Electronics\Embedded\D-1_v-2.0_e-1_If-statement\D-1_v-2.0_e-1_If-statement.asm
                main_loop   0x000004    program     static C:\WORKS\WS\Electronics\Embedded\D-1_v-2.0_e-1_If-statement\D-1_v-2.0_e-1_If-statement.asm



                              Symbols - Sorted by Address
                     Name    Address   Location    Storage File                     
                ---------  ---------  ---------  --------- ---------                
                main_loop   0x000004    program     static C:\WORKS\WS\Electronics\Embedded\D-1_v-2.0_e-1_If-statement\D-1_v-2.0_e-1_If-statement.asm
               LED_on_off   0x000007    program     static C:\WORKS\WS\Electronics\Embedded\D-1_v-2.0_e-1_If-statement\D-1_v-2.0_e-1_If-statement.asm
                dly_100ms   0x00000c    program     static C:\WORKS\WS\Electronics\Embedded\D-1_v-2.0_e-1_If-statement\D-1_v-2.0_e-1_If-statement.asm
                   dly_1S   0x00000e    program     static C:\WORKS\WS\Electronics\Embedded\D-1_v-2.0_e-1_If-statement\D-1_v-2.0_e-1_If-statement.asm
                      DLY   0x000010    program     static C:\WORKS\WS\Electronics\Embedded\D-1_v-2.0_e-1_If-statement\D-1_v-2.0_e-1_If-statement.asm
                  DLY_100   0x000011    program     static C:\WORKS\WS\Electronics\Embedded\D-1_v-2.0_e-1_If-statement\D-1_v-2.0_e-1_If-statement.asm
                     DLP1   0x000013    program     static C:\WORKS\WS\Electronics\Embedded\D-1_v-2.0_e-1_If-statement\D-1_v-2.0_e-1_If-statement.asm
                     DLP2   0x000015    program     static C:\WORKS\WS\Electronics\Embedded\D-1_v-2.0_e-1_If-statement\D-1_v-2.0_e-1_If-statement.asm


