MPLINK 4.42, Linker
Linker Map File - Created Wed Oct 01 16:58:04 2014

                                 Section Info
                  Section       Type    Address   Location Size(Bytes)
                ---------  ---------  ---------  ---------  ---------
                   .org_0       code   0x000000    program   0x00009c
                   .cinit    romdata   0x00004e    program   0x000004
.config_2007_D-93_PIC16_F88_AD-CONV_V-6.1.0.O       code   0x002007    program   0x000002
.config_2008_D-93_PIC16_F88_AD-CONV_V-6.1.0.O       code   0x002008    program   0x000002



                              Program Memory Usage 
                               Start         End      
                           ---------   ---------      
                            0x000000    0x00004f      
                            0x002007    0x002008      
            82 out of 4359 program addresses used, program memory utilization is 1%



                              Symbols - Sorted by Name
                     Name    Address   Location    Storage File                     
                ---------  ---------  ---------  --------- ---------                
                     INIT   0x000001    program     static C:\WORKS\WS\Embedded\D-90~\D-93_PIC16_F88_A-D-conv\D-93_PIC16_F88_AD-conv_v-6.1\D-93_PIC16_F88_AD-conv_v-6.1.0\D-93_PIC16_F88_AD-conv_v-6.1.0.asm
                    STEP1   0x00000a    program     static C:\WORKS\WS\Embedded\D-90~\D-93_PIC16_F88_A-D-conv\D-93_PIC16_F88_AD-conv_v-6.1\D-93_PIC16_F88_AD-conv_v-6.1.0\D-93_PIC16_F88_AD-conv_v-6.1.0.asm
                   T02mLP   0x000039    program     static C:\WORKS\WS\Embedded\D-90~\D-93_PIC16_F88_A-D-conv\D-93_PIC16_F88_AD-conv_v-6.1\D-93_PIC16_F88_AD-conv_v-6.1.0\D-93_PIC16_F88_AD-conv_v-6.1.0.asm
                    T02mS   0x000037    program     static C:\WORKS\WS\Embedded\D-90~\D-93_PIC16_F88_A-D-conv\D-93_PIC16_F88_AD-conv_v-6.1\D-93_PIC16_F88_AD-conv_v-6.1.0\D-93_PIC16_F88_AD-conv_v-6.1.0.asm
                      T1S   0x00002b    program     static C:\WORKS\WS\Embedded\D-90~\D-93_PIC16_F88_A-D-conv\D-93_PIC16_F88_AD-conv_v-6.1\D-93_PIC16_F88_AD-conv_v-6.1.0\D-93_PIC16_F88_AD-conv_v-6.1.0.asm
                    T1SLP   0x00002d    program     static C:\WORKS\WS\Embedded\D-90~\D-93_PIC16_F88_A-D-conv\D-93_PIC16_F88_AD-conv_v-6.1\D-93_PIC16_F88_AD-conv_v-6.1.0\D-93_PIC16_F88_AD-conv_v-6.1.0.asm
                    T5mLP   0x000033    program     static C:\WORKS\WS\Embedded\D-90~\D-93_PIC16_F88_A-D-conv\D-93_PIC16_F88_AD-conv_v-6.1\D-93_PIC16_F88_AD-conv_v-6.1.0\D-93_PIC16_F88_AD-conv_v-6.1.0.asm
                     T5mS   0x000031    program     static C:\WORKS\WS\Embedded\D-90~\D-93_PIC16_F88_A-D-conv\D-93_PIC16_F88_AD-conv_v-6.1\D-93_PIC16_F88_AD-conv_v-6.1.0\D-93_PIC16_F88_AD-conv_v-6.1.0.asm
         Timer0_interrupt   0x00001d    program     static C:\WORKS\WS\Embedded\D-90~\D-93_PIC16_F88_A-D-conv\D-93_PIC16_F88_AD-conv_v-6.1\D-93_PIC16_F88_AD-conv_v-6.1.0\D-93_PIC16_F88_AD-conv_v-6.1.0.asm
                  bin2hex   0x00003d    program     static C:\WORKS\WS\Embedded\D-90~\D-93_PIC16_F88_A-D-conv\D-93_PIC16_F88_AD-conv_v-6.1\D-93_PIC16_F88_AD-conv_v-6.1.0\D-93_PIC16_F88_AD-conv_v-6.1.0.asm



                              Symbols - Sorted by Address
                     Name    Address   Location    Storage File                     
                ---------  ---------  ---------  --------- ---------                
                     INIT   0x000001    program     static C:\WORKS\WS\Embedded\D-90~\D-93_PIC16_F88_A-D-conv\D-93_PIC16_F88_AD-conv_v-6.1\D-93_PIC16_F88_AD-conv_v-6.1.0\D-93_PIC16_F88_AD-conv_v-6.1.0.asm
                    STEP1   0x00000a    program     static C:\WORKS\WS\Embedded\D-90~\D-93_PIC16_F88_A-D-conv\D-93_PIC16_F88_AD-conv_v-6.1\D-93_PIC16_F88_AD-conv_v-6.1.0\D-93_PIC16_F88_AD-conv_v-6.1.0.asm
         Timer0_interrupt   0x00001d    program     static C:\WORKS\WS\Embedded\D-90~\D-93_PIC16_F88_A-D-conv\D-93_PIC16_F88_AD-conv_v-6.1\D-93_PIC16_F88_AD-conv_v-6.1.0\D-93_PIC16_F88_AD-conv_v-6.1.0.asm
                      T1S   0x00002b    program     static C:\WORKS\WS\Embedded\D-90~\D-93_PIC16_F88_A-D-conv\D-93_PIC16_F88_AD-conv_v-6.1\D-93_PIC16_F88_AD-conv_v-6.1.0\D-93_PIC16_F88_AD-conv_v-6.1.0.asm
                    T1SLP   0x00002d    program     static C:\WORKS\WS\Embedded\D-90~\D-93_PIC16_F88_A-D-conv\D-93_PIC16_F88_AD-conv_v-6.1\D-93_PIC16_F88_AD-conv_v-6.1.0\D-93_PIC16_F88_AD-conv_v-6.1.0.asm
                     T5mS   0x000031    program     static C:\WORKS\WS\Embedded\D-90~\D-93_PIC16_F88_A-D-conv\D-93_PIC16_F88_AD-conv_v-6.1\D-93_PIC16_F88_AD-conv_v-6.1.0\D-93_PIC16_F88_AD-conv_v-6.1.0.asm
                    T5mLP   0x000033    program     static C:\WORKS\WS\Embedded\D-90~\D-93_PIC16_F88_A-D-conv\D-93_PIC16_F88_AD-conv_v-6.1\D-93_PIC16_F88_AD-conv_v-6.1.0\D-93_PIC16_F88_AD-conv_v-6.1.0.asm
                    T02mS   0x000037    program     static C:\WORKS\WS\Embedded\D-90~\D-93_PIC16_F88_A-D-conv\D-93_PIC16_F88_AD-conv_v-6.1\D-93_PIC16_F88_AD-conv_v-6.1.0\D-93_PIC16_F88_AD-conv_v-6.1.0.asm
                   T02mLP   0x000039    program     static C:\WORKS\WS\Embedded\D-90~\D-93_PIC16_F88_A-D-conv\D-93_PIC16_F88_AD-conv_v-6.1\D-93_PIC16_F88_AD-conv_v-6.1.0\D-93_PIC16_F88_AD-conv_v-6.1.0.asm
                  bin2hex   0x00003d    program     static C:\WORKS\WS\Embedded\D-90~\D-93_PIC16_F88_A-D-conv\D-93_PIC16_F88_AD-conv_v-6.1\D-93_PIC16_F88_AD-conv_v-6.1.0\D-93_PIC16_F88_AD-conv_v-6.1.0.asm


