MPASM  5.47    D-1_V-3.0_E-1_2LEDS-ON-OFF.ASM   8-12-2013  17:20:01         PAGE  1


LOC  OBJECT CODE     LINE SOURCE TEXT
  VALUE

                      00001 ;**********************************
                      00002 ;       File:           D-1_v-3.0_e-1_2LEDs-on-off__v-4.0_e-3.asm
                      00003 ;       Version:        v-4.0/e-3
                      00004 ;       Date:           11/08/2013 18:43:51
                      00005 ;
                      00006 ;**********************************
                      00007 
                      00008                 list            p=10f200
                      00009                 #include        <p10f200.inc>
                      00001         LIST
                      00002 
                      00003 ;==========================================================================
                      00004 ;  MPASM PIC10F200 processor include
                      00005 ; 
                      00006 ;  (c) Copyright 1999-2012 Microchip Technology, All rights reserved
                      00007 ;==========================================================================
                      00008 
                      00151         LIST
                      00010 
0FFF   0FEB           00011                 __CONFIG                _CP_OFF & _WDT_OFF & _MCLRE_OFF & _IntRC_OSC
                      00012 
                      00013 ;********* VARIABLES ******************
                      00014 
                      00015 ;********* SETUP: ENVIRONMENT ********
                      00016         ORG                     0x00
                      00017 
0000   0025           00018         movwf           OSCCAL
0001   0405           00019         bcf                     OSCCAL,FOSC4
                      00020 
0002   0CFC           00021         movlw           b'11111100'
0003   0006           00022         TRIS            GPIO
                      00023         
                      00024 ;********* INITIALIZE: Variables ********
                      00025 
                      00026 ;********* MAIN ******************
0004                  00027 MAIN
                      00028         
0004   0766           00029         BTFSS           GPIO,3  ; GP3 => Set?
                      00030         
                      00031         ; If GP3 is not set, then make sure
                      00032         ;       the both LEDS are off. Then, go
                      00033         ;       back to MAIN
0005   0A??           00034         goto            BOTH_OFF        ; Not set
                      00035         
                      00036         ; GP3 is set => Then go to the next step,
                      00037         ;       i.e. check the status of GP2
0006   0A??           00038         goto            CHCK_GP2
                      00039         
                      00040 ;********* FUNCTIONS ******************
0007                  00041 CHCK_GP2
                      00042         
0007   0746           00043         BTFSS           GPIO,2  ; GP2 => Set?
                      00044         
MPASM  5.47    D-1_V-3.0_E-1_2LEDS-ON-OFF.ASM   8-12-2013  17:20:01         PAGE  2


LOC  OBJECT CODE     LINE SOURCE TEXT
  VALUE

0008   0A??           00045         GOTO            PATTERN_2       ; Not set
0009   0A??           00046         GOTO            PATTERN_1       ; Set
                      00047         
000A                  00048 PATTERN_1
                      00049         
000A   0506           00050         BSF                     GPIO,0          ; GP0 => Set
000B   0426           00051         BCF                     GPIO,1          ; GP1 => Clear
                      00052         
000C   0A??           00053         GOTO            MAIN            ; Back to MAIN
                      00054 
000D                  00055 PATTERN_2
                      00056         
000D   0406           00057         BCF                     GPIO,0          ; GP0 => Clear
000E   0526           00058         BSF                     GPIO,1          ; GP1 => Set
                      00059         
000F   0A??           00060         GOTO            MAIN            ; Back to MAIN
                      00061 
0010                  00062 BOTH_OFF
                      00063         
0010   0406           00064         BCF                     GPIO,0          ; GP0 => Clear
0011   0426           00065         BCF                     GPIO,1          ; GP1 => Clear
                      00066         
0012   0A??           00067         GOTO            MAIN            ; Back to MAIN
                      00068 
                      00069 ;******** END ******************
0FEB                  00070         END
MPASM  5.47    D-1_V-3.0_E-1_2LEDS-ON-OFF.ASM   8-12-2013  17:20:01         PAGE  3


SYMBOL TABLE
  LABEL                             VALUE 

BOTH_OFF                          00000010
C                                 00000000
CAL0                              00000001
CAL1                              00000002
CAL2                              00000003
CAL3                              00000004
CAL4                              00000005
CAL5                              00000006
CAL6                              00000007
CHCK_GP2                          00000007
DC                                00000001
F                                 00000001
FOSC4                             00000000
FSR                               00000004
GP0                               00000000
GP1                               00000001
GP2                               00000002
GP3                               00000003
GPIO                              00000006
GPWUF                             00000007
INDF                              00000000
MAIN                              00000004
NOT_GPPU                          00000006
NOT_GPWU                          00000007
NOT_PD                            00000003
NOT_TO                            00000004
OSCCAL                            00000005
PATTERN_1                         0000000A
PATTERN_2                         0000000D
PCL                               00000002
PS0                               00000000
PS1                               00000001
PS2                               00000002
PSA                               00000003
STATUS                            00000003
T0CS                              00000005
T0SE                              00000004
TMR0                              00000001
TRISIO0                           00000000
TRISIO1                           00000001
TRISIO2                           00000002
TRISIO3                           00000003
W                                 00000000
Z                                 00000002
_CONFIG                           00000FFF
_CP_OFF                           00000FFF
_CP_ON                            00000FF7
_IDLOC0                           00000100
_IDLOC1                           00000101
_IDLOC2                           00000102
_IDLOC3                           00000103
_IntRC_OSC                        00000FFF
_MCLRE_OFF                        00000FEF
MPASM  5.47    D-1_V-3.0_E-1_2LEDS-ON-OFF.ASM   8-12-2013  17:20:01         PAGE  4


SYMBOL TABLE
  LABEL                             VALUE 

_MCLRE_ON                         00000FFF
_OSC_IntRC                        00000FFF
_WDTE_OFF                         00000FFB
_WDTE_ON                          00000FFF
_WDT_OFF                          00000FFB
_WDT_ON                           00000FFF
__10F200                          00000001
__DEBUG                           1

Errors   :     0
Warnings :     0 reported,     0 suppressed
Messages :     0 reported,     0 suppressed

