MPLINK 4.45, Linker
Linker Map File - Created Mon Aug 12 17:20:02 2013

                                 Section Info
                  Section       Type    Address   Location Size(Bytes)
                ---------  ---------  ---------  ---------  ---------
                   .org_0       code   0x000000    program   0x000026
                   .cinit    romdata   0x000013    program   0x000004
.config_0FFF_D-1_V-3.0_E-1_2LEDS-ON-OFF.O       code   0x000fff    program   0x000002



                              Program Memory Usage 
                               Start         End      
                           ---------   ---------      
                            0x000000    0x000014      
                            0x000fff    0x000fff      
            22 out of 261 program addresses used, program memory utilization is 8%



                              Symbols - Sorted by Name
                     Name    Address   Location    Storage File                     
                ---------  ---------  ---------  --------- ---------                
                 BOTH_OFF   0x000010    program     static C:\WORKS\WS\Electronics\Embedded\D-1\D-1_v-3.0_e-1_2LEDs-on-off\D-1_v-3.0_e-1_2LEDs-on-off.asm
                 CHCK_GP2   0x000007    program     static C:\WORKS\WS\Electronics\Embedded\D-1\D-1_v-3.0_e-1_2LEDs-on-off\D-1_v-3.0_e-1_2LEDs-on-off.asm
                     MAIN   0x000004    program     static C:\WORKS\WS\Electronics\Embedded\D-1\D-1_v-3.0_e-1_2LEDs-on-off\D-1_v-3.0_e-1_2LEDs-on-off.asm
                PATTERN_1   0x00000a    program     static C:\WORKS\WS\Electronics\Embedded\D-1\D-1_v-3.0_e-1_2LEDs-on-off\D-1_v-3.0_e-1_2LEDs-on-off.asm
                PATTERN_2   0x00000d    program     static C:\WORKS\WS\Electronics\Embedded\D-1\D-1_v-3.0_e-1_2LEDs-on-off\D-1_v-3.0_e-1_2LEDs-on-off.asm



                              Symbols - Sorted by Address
                     Name    Address   Location    Storage File                     
                ---------  ---------  ---------  --------- ---------                
                     MAIN   0x000004    program     static C:\WORKS\WS\Electronics\Embedded\D-1\D-1_v-3.0_e-1_2LEDs-on-off\D-1_v-3.0_e-1_2LEDs-on-off.asm
                 CHCK_GP2   0x000007    program     static C:\WORKS\WS\Electronics\Embedded\D-1\D-1_v-3.0_e-1_2LEDs-on-off\D-1_v-3.0_e-1_2LEDs-on-off.asm
                PATTERN_1   0x00000a    program     static C:\WORKS\WS\Electronics\Embedded\D-1\D-1_v-3.0_e-1_2LEDs-on-off\D-1_v-3.0_e-1_2LEDs-on-off.asm
                PATTERN_2   0x00000d    program     static C:\WORKS\WS\Electronics\Embedded\D-1\D-1_v-3.0_e-1_2LEDs-on-off\D-1_v-3.0_e-1_2LEDs-on-off.asm
                 BOTH_OFF   0x000010    program     static C:\WORKS\WS\Electronics\Embedded\D-1\D-1_v-3.0_e-1_2LEDs-on-off\D-1_v-3.0_e-1_2LEDs-on-off.asm


