MPLINK 4.42, Linker
Linker Map File - Created Sun Sep 28 21:32:53 2014

                                 Section Info
                  Section       Type    Address   Location Size(Bytes)
                ---------  ---------  ---------  ---------  ---------
                   .org_0       code   0x000000    program   0x000090
                   .cinit    romdata   0x000048    program   0x000004
.config_2007_D-93_PIC16_F88_AD-CONV_V-5.0.O       code   0x002007    program   0x000002



                              Program Memory Usage 
                               Start         End      
                           ---------   ---------      
                            0x000000    0x000049      
                            0x002007    0x002007      
            75 out of 4359 program addresses used, program memory utilization is 1%



                              Symbols - Sorted by Name
                     Name    Address   Location    Storage File                     
                ---------  ---------  ---------  --------- ---------                
                     DLP1   0x000023    program     static C:\WORKS\WS\Embedded\D-90~\D-93_PIC16_F88_A-D-conv\D-93_PIC16_F88_AD-conv_v-5.0\D-93_PIC16_F88_AD-conv_v-5.0.asm
                     DLP2   0x000025    program     static C:\WORKS\WS\Embedded\D-90~\D-93_PIC16_F88_A-D-conv\D-93_PIC16_F88_AD-conv_v-5.0\D-93_PIC16_F88_AD-conv_v-5.0.asm
                  DLY_100   0x000021    program     static C:\WORKS\WS\Embedded\D-90~\D-93_PIC16_F88_A-D-conv\D-93_PIC16_F88_AD-conv_v-5.0\D-93_PIC16_F88_AD-conv_v-5.0.asm
                   DLY_1S   0x00001f    program     static C:\WORKS\WS\Embedded\D-90~\D-93_PIC16_F88_A-D-conv\D-93_PIC16_F88_AD-conv_v-5.0\D-93_PIC16_F88_AD-conv_v-5.0.asm
                     LOOP   0x000006    program     static C:\WORKS\WS\Embedded\D-90~\D-93_PIC16_F88_A-D-conv\D-93_PIC16_F88_AD-conv_v-5.0\D-93_PIC16_F88_AD-conv_v-5.0.asm
                     MAIN   0x000000    program     static C:\WORKS\WS\Embedded\D-90~\D-93_PIC16_F88_A-D-conv\D-93_PIC16_F88_AD-conv_v-5.0\D-93_PIC16_F88_AD-conv_v-5.0.asm
                SET_DIGIT   0x000044    program     static C:\WORKS\WS\Embedded\D-90~\D-93_PIC16_F88_A-D-conv\D-93_PIC16_F88_AD-conv_v-5.0\D-93_PIC16_F88_AD-conv_v-5.0.asm
                  SET_NUM   0x000040    program     static C:\WORKS\WS\Embedded\D-90~\D-93_PIC16_F88_A-D-conv\D-93_PIC16_F88_AD-conv_v-5.0\D-93_PIC16_F88_AD-conv_v-5.0.asm
                   T02mLP   0x00003c    program     static C:\WORKS\WS\Embedded\D-90~\D-93_PIC16_F88_A-D-conv\D-93_PIC16_F88_AD-conv_v-5.0\D-93_PIC16_F88_AD-conv_v-5.0.asm
                    T02mS   0x00003a    program     static C:\WORKS\WS\Embedded\D-90~\D-93_PIC16_F88_A-D-conv\D-93_PIC16_F88_AD-conv_v-5.0\D-93_PIC16_F88_AD-conv_v-5.0.asm
                      T1S   0x00002e    program     static C:\WORKS\WS\Embedded\D-90~\D-93_PIC16_F88_A-D-conv\D-93_PIC16_F88_AD-conv_v-5.0\D-93_PIC16_F88_AD-conv_v-5.0.asm
                    T1SLP   0x000030    program     static C:\WORKS\WS\Embedded\D-90~\D-93_PIC16_F88_A-D-conv\D-93_PIC16_F88_AD-conv_v-5.0\D-93_PIC16_F88_AD-conv_v-5.0.asm
                    T5mLP   0x000036    program     static C:\WORKS\WS\Embedded\D-90~\D-93_PIC16_F88_A-D-conv\D-93_PIC16_F88_AD-conv_v-5.0\D-93_PIC16_F88_AD-conv_v-5.0.asm
                     T5mS   0x000034    program     static C:\WORKS\WS\Embedded\D-90~\D-93_PIC16_F88_A-D-conv\D-93_PIC16_F88_AD-conv_v-5.0\D-93_PIC16_F88_AD-conv_v-5.0.asm



                              Symbols - Sorted by Address
                     Name    Address   Location    Storage File                     
                ---------  ---------  ---------  --------- ---------                
                     MAIN   0x000000    program     static C:\WORKS\WS\Embedded\D-90~\D-93_PIC16_F88_A-D-conv\D-93_PIC16_F88_AD-conv_v-5.0\D-93_PIC16_F88_AD-conv_v-5.0.asm
                     LOOP   0x000006    program     static C:\WORKS\WS\Embedded\D-90~\D-93_PIC16_F88_A-D-conv\D-93_PIC16_F88_AD-conv_v-5.0\D-93_PIC16_F88_AD-conv_v-5.0.asm
                   DLY_1S   0x00001f    program     static C:\WORKS\WS\Embedded\D-90~\D-93_PIC16_F88_A-D-conv\D-93_PIC16_F88_AD-conv_v-5.0\D-93_PIC16_F88_AD-conv_v-5.0.asm
                  DLY_100   0x000021    program     static C:\WORKS\WS\Embedded\D-90~\D-93_PIC16_F88_A-D-conv\D-93_PIC16_F88_AD-conv_v-5.0\D-93_PIC16_F88_AD-conv_v-5.0.asm
                     DLP1   0x000023    program     static C:\WORKS\WS\Embedded\D-90~\D-93_PIC16_F88_A-D-conv\D-93_PIC16_F88_AD-conv_v-5.0\D-93_PIC16_F88_AD-conv_v-5.0.asm
                     DLP2   0x000025    program     static C:\WORKS\WS\Embedded\D-90~\D-93_PIC16_F88_A-D-conv\D-93_PIC16_F88_AD-conv_v-5.0\D-93_PIC16_F88_AD-conv_v-5.0.asm
                      T1S   0x00002e    program     static C:\WORKS\WS\Embedded\D-90~\D-93_PIC16_F88_A-D-conv\D-93_PIC16_F88_AD-conv_v-5.0\D-93_PIC16_F88_AD-conv_v-5.0.asm
                    T1SLP   0x000030    program     static C:\WORKS\WS\Embedded\D-90~\D-93_PIC16_F88_A-D-conv\D-93_PIC16_F88_AD-conv_v-5.0\D-93_PIC16_F88_AD-conv_v-5.0.asm
                     T5mS   0x000034    program     static C:\WORKS\WS\Embedded\D-90~\D-93_PIC16_F88_A-D-conv\D-93_PIC16_F88_AD-conv_v-5.0\D-93_PIC16_F88_AD-conv_v-5.0.asm
                    T5mLP   0x000036    program     static C:\WORKS\WS\Embedded\D-90~\D-93_PIC16_F88_A-D-conv\D-93_PIC16_F88_AD-conv_v-5.0\D-93_PIC16_F88_AD-conv_v-5.0.asm
                    T02mS   0x00003a    program     static C:\WORKS\WS\Embedded\D-90~\D-93_PIC16_F88_A-D-conv\D-93_PIC16_F88_AD-conv_v-5.0\D-93_PIC16_F88_AD-conv_v-5.0.asm
                   T02mLP   0x00003c    program     static C:\WORKS\WS\Embedded\D-90~\D-93_PIC16_F88_A-D-conv\D-93_PIC16_F88_AD-conv_v-5.0\D-93_PIC16_F88_AD-conv_v-5.0.asm
                  SET_NUM   0x000040    program     static C:\WORKS\WS\Embedded\D-90~\D-93_PIC16_F88_A-D-conv\D-93_PIC16_F88_AD-conv_v-5.0\D-93_PIC16_F88_AD-conv_v-5.0.asm
                SET_DIGIT   0x000044    program     static C:\WORKS\WS\Embedded\D-90~\D-93_PIC16_F88_A-D-conv\D-93_PIC16_F88_AD-conv_v-5.0\D-93_PIC16_F88_AD-conv_v-5.0.asm


