MPLINK 4.42, Linker
Linker Map File - Created Mon Oct 06 16:14:09 2014

                                 Section Info
                  Section       Type    Address   Location Size(Bytes)
                ---------  ---------  ---------  ---------  ---------
                   .org_0       code   0x000000    program   0x000106
                   .cinit    romdata   0x000083    program   0x000004
.config_2007_D-93_PIC16_F88_AD-CONV_V-6.1.5.O       code   0x002007    program   0x000002
.config_2008_D-93_PIC16_F88_AD-CONV_V-6.1.5.O       code   0x002008    program   0x000002



                              Program Memory Usage 
                               Start         End      
                           ---------   ---------      
                            0x000000    0x000084      
                            0x002007    0x002008      
            135 out of 4359 program addresses used, program memory utilization is 3%



                              Symbols - Sorted by Name
                     Name    Address   Location    Storage File                     
                ---------  ---------  ---------  --------- ---------                
                      ADC   0x00002b    program     static C:\WORKS\WS\Embedded\D-90~\D-93_PIC16_F88_A-D-conv\D-93_PIC16_F88_AD-conv_v-6.1\D-93_PIC16_F88_AD-conv_v-6.1.5\D-93_PIC16_F88_AD-conv_v-6.1.5.asm
             BACK_TO_LOOP   0x000034    program     static C:\WORKS\WS\Embedded\D-90~\D-93_PIC16_F88_A-D-conv\D-93_PIC16_F88_AD-conv_v-6.1\D-93_PIC16_F88_AD-conv_v-6.1.5\D-93_PIC16_F88_AD-conv_v-6.1.5.asm
                      CHG   0x000025    program     static C:\WORKS\WS\Embedded\D-90~\D-93_PIC16_F88_A-D-conv\D-93_PIC16_F88_AD-conv_v-6.1\D-93_PIC16_F88_AD-conv_v-6.1.5\D-93_PIC16_F88_AD-conv_v-6.1.5.asm
                   INIT_1   0x000016    program     static C:\WORKS\WS\Embedded\D-90~\D-93_PIC16_F88_A-D-conv\D-93_PIC16_F88_AD-conv_v-6.1\D-93_PIC16_F88_AD-conv_v-6.1.5\D-93_PIC16_F88_AD-conv_v-6.1.5.asm
                   INIT_2   0x000019    program     static C:\WORKS\WS\Embedded\D-90~\D-93_PIC16_F88_A-D-conv\D-93_PIC16_F88_AD-conv_v-6.1\D-93_PIC16_F88_AD-conv_v-6.1.5\D-93_PIC16_F88_AD-conv_v-6.1.5.asm
                   INIT_3   0x00001b    program     static C:\WORKS\WS\Embedded\D-90~\D-93_PIC16_F88_A-D-conv\D-93_PIC16_F88_AD-conv_v-6.1\D-93_PIC16_F88_AD-conv_v-6.1.5\D-93_PIC16_F88_AD-conv_v-6.1.5.asm
                   INIT_4   0x000021    program     static C:\WORKS\WS\Embedded\D-90~\D-93_PIC16_F88_A-D-conv\D-93_PIC16_F88_AD-conv_v-6.1\D-93_PIC16_F88_AD-conv_v-6.1.5\D-93_PIC16_F88_AD-conv_v-6.1.5.asm
                   INIT_5   0x000023    program     static C:\WORKS\WS\Embedded\D-90~\D-93_PIC16_F88_A-D-conv\D-93_PIC16_F88_AD-conv_v-6.1\D-93_PIC16_F88_AD-conv_v-6.1.5\D-93_PIC16_F88_AD-conv_v-6.1.5.asm
                     LOOP   0x000025    program     static C:\WORKS\WS\Embedded\D-90~\D-93_PIC16_F88_A-D-conv\D-93_PIC16_F88_AD-conv_v-6.1\D-93_PIC16_F88_AD-conv_v-6.1.5\D-93_PIC16_F88_AD-conv_v-6.1.5.asm
                    SETUP   0x000001    program     static C:\WORKS\WS\Embedded\D-90~\D-93_PIC16_F88_A-D-conv\D-93_PIC16_F88_AD-conv_v-6.1\D-93_PIC16_F88_AD-conv_v-6.1.5\D-93_PIC16_F88_AD-conv_v-6.1.5.asm
                   T02mLP   0x00006d    program     static C:\WORKS\WS\Embedded\D-90~\D-93_PIC16_F88_A-D-conv\D-93_PIC16_F88_AD-conv_v-6.1\D-93_PIC16_F88_AD-conv_v-6.1.5\D-93_PIC16_F88_AD-conv_v-6.1.5.asm
                    T02mS   0x00006b    program     static C:\WORKS\WS\Embedded\D-90~\D-93_PIC16_F88_A-D-conv\D-93_PIC16_F88_AD-conv_v-6.1\D-93_PIC16_F88_AD-conv_v-6.1.5\D-93_PIC16_F88_AD-conv_v-6.1.5.asm
                      T1S   0x00005f    program     static C:\WORKS\WS\Embedded\D-90~\D-93_PIC16_F88_A-D-conv\D-93_PIC16_F88_AD-conv_v-6.1\D-93_PIC16_F88_AD-conv_v-6.1.5\D-93_PIC16_F88_AD-conv_v-6.1.5.asm
                    T1SLP   0x000061    program     static C:\WORKS\WS\Embedded\D-90~\D-93_PIC16_F88_A-D-conv\D-93_PIC16_F88_AD-conv_v-6.1\D-93_PIC16_F88_AD-conv_v-6.1.5\D-93_PIC16_F88_AD-conv_v-6.1.5.asm
                    T5mLP   0x000067    program     static C:\WORKS\WS\Embedded\D-90~\D-93_PIC16_F88_A-D-conv\D-93_PIC16_F88_AD-conv_v-6.1\D-93_PIC16_F88_AD-conv_v-6.1.5\D-93_PIC16_F88_AD-conv_v-6.1.5.asm
                     T5mS   0x000065    program     static C:\WORKS\WS\Embedded\D-90~\D-93_PIC16_F88_A-D-conv\D-93_PIC16_F88_AD-conv_v-6.1\D-93_PIC16_F88_AD-conv_v-6.1.5\D-93_PIC16_F88_AD-conv_v-6.1.5.asm
         Timer0_interrupt   0x000051    program     static C:\WORKS\WS\Embedded\D-90~\D-93_PIC16_F88_A-D-conv\D-93_PIC16_F88_AD-conv_v-6.1\D-93_PIC16_F88_AD-conv_v-6.1.5\D-93_PIC16_F88_AD-conv_v-6.1.5.asm
                     WAIT   0x00002a    program     static C:\WORKS\WS\Embedded\D-90~\D-93_PIC16_F88_A-D-conv\D-93_PIC16_F88_AD-conv_v-6.1\D-93_PIC16_F88_AD-conv_v-6.1.5\D-93_PIC16_F88_AD-conv_v-6.1.5.asm
                  bin2hex   0x000071    program     static C:\WORKS\WS\Embedded\D-90~\D-93_PIC16_F88_A-D-conv\D-93_PIC16_F88_AD-conv_v-6.1\D-93_PIC16_F88_AD-conv_v-6.1.5\D-93_PIC16_F88_AD-conv_v-6.1.5.asm
                  chg7seg   0x000035    program     static C:\WORKS\WS\Embedded\D-90~\D-93_PIC16_F88_A-D-conv\D-93_PIC16_F88_AD-conv_v-6.1\D-93_PIC16_F88_AD-conv_v-6.1.5\D-93_PIC16_F88_AD-conv_v-6.1.5.asm
                 chg7seg1   0x00003f    program     static C:\WORKS\WS\Embedded\D-90~\D-93_PIC16_F88_A-D-conv\D-93_PIC16_F88_AD-conv_v-6.1\D-93_PIC16_F88_AD-conv_v-6.1.5\D-93_PIC16_F88_AD-conv_v-6.1.5.asm
                 chg7seg2   0x000044    program     static C:\WORKS\WS\Embedded\D-90~\D-93_PIC16_F88_A-D-conv\D-93_PIC16_F88_AD-conv_v-6.1\D-93_PIC16_F88_AD-conv_v-6.1.5\D-93_PIC16_F88_AD-conv_v-6.1.5.asm
                 chg7seg3   0x000049    program     static C:\WORKS\WS\Embedded\D-90~\D-93_PIC16_F88_A-D-conv\D-93_PIC16_F88_AD-conv_v-6.1\D-93_PIC16_F88_AD-conv_v-6.1.5\D-93_PIC16_F88_AD-conv_v-6.1.5.asm
                 chg7seg9   0x00004e    program     static C:\WORKS\WS\Embedded\D-90~\D-93_PIC16_F88_A-D-conv\D-93_PIC16_F88_AD-conv_v-6.1\D-93_PIC16_F88_AD-conv_v-6.1.5\D-93_PIC16_F88_AD-conv_v-6.1.5.asm



                              Symbols - Sorted by Address
                     Name    Address   Location    Storage File                     
                ---------  ---------  ---------  --------- ---------                
                    SETUP   0x000001    program     static C:\WORKS\WS\Embedded\D-90~\D-93_PIC16_F88_A-D-conv\D-93_PIC16_F88_AD-conv_v-6.1\D-93_PIC16_F88_AD-conv_v-6.1.5\D-93_PIC16_F88_AD-conv_v-6.1.5.asm
                   INIT_1   0x000016    program     static C:\WORKS\WS\Embedded\D-90~\D-93_PIC16_F88_A-D-conv\D-93_PIC16_F88_AD-conv_v-6.1\D-93_PIC16_F88_AD-conv_v-6.1.5\D-93_PIC16_F88_AD-conv_v-6.1.5.asm
                   INIT_2   0x000019    program     static C:\WORKS\WS\Embedded\D-90~\D-93_PIC16_F88_A-D-conv\D-93_PIC16_F88_AD-conv_v-6.1\D-93_PIC16_F88_AD-conv_v-6.1.5\D-93_PIC16_F88_AD-conv_v-6.1.5.asm
                   INIT_3   0x00001b    program     static C:\WORKS\WS\Embedded\D-90~\D-93_PIC16_F88_A-D-conv\D-93_PIC16_F88_AD-conv_v-6.1\D-93_PIC16_F88_AD-conv_v-6.1.5\D-93_PIC16_F88_AD-conv_v-6.1.5.asm
                   INIT_4   0x000021    program     static C:\WORKS\WS\Embedded\D-90~\D-93_PIC16_F88_A-D-conv\D-93_PIC16_F88_AD-conv_v-6.1\D-93_PIC16_F88_AD-conv_v-6.1.5\D-93_PIC16_F88_AD-conv_v-6.1.5.asm
                   INIT_5   0x000023    program     static C:\WORKS\WS\Embedded\D-90~\D-93_PIC16_F88_A-D-conv\D-93_PIC16_F88_AD-conv_v-6.1\D-93_PIC16_F88_AD-conv_v-6.1.5\D-93_PIC16_F88_AD-conv_v-6.1.5.asm
                      CHG   0x000025    program     static C:\WORKS\WS\Embedded\D-90~\D-93_PIC16_F88_A-D-conv\D-93_PIC16_F88_AD-conv_v-6.1\D-93_PIC16_F88_AD-conv_v-6.1.5\D-93_PIC16_F88_AD-conv_v-6.1.5.asm
                     LOOP   0x000025    program     static C:\WORKS\WS\Embedded\D-90~\D-93_PIC16_F88_A-D-conv\D-93_PIC16_F88_AD-conv_v-6.1\D-93_PIC16_F88_AD-conv_v-6.1.5\D-93_PIC16_F88_AD-conv_v-6.1.5.asm
                     WAIT   0x00002a    program     static C:\WORKS\WS\Embedded\D-90~\D-93_PIC16_F88_A-D-conv\D-93_PIC16_F88_AD-conv_v-6.1\D-93_PIC16_F88_AD-conv_v-6.1.5\D-93_PIC16_F88_AD-conv_v-6.1.5.asm
                      ADC   0x00002b    program     static C:\WORKS\WS\Embedded\D-90~\D-93_PIC16_F88_A-D-conv\D-93_PIC16_F88_AD-conv_v-6.1\D-93_PIC16_F88_AD-conv_v-6.1.5\D-93_PIC16_F88_AD-conv_v-6.1.5.asm
             BACK_TO_LOOP   0x000034    program     static C:\WORKS\WS\Embedded\D-90~\D-93_PIC16_F88_A-D-conv\D-93_PIC16_F88_AD-conv_v-6.1\D-93_PIC16_F88_AD-conv_v-6.1.5\D-93_PIC16_F88_AD-conv_v-6.1.5.asm
                  chg7seg   0x000035    program     static C:\WORKS\WS\Embedded\D-90~\D-93_PIC16_F88_A-D-conv\D-93_PIC16_F88_AD-conv_v-6.1\D-93_PIC16_F88_AD-conv_v-6.1.5\D-93_PIC16_F88_AD-conv_v-6.1.5.asm
                 chg7seg1   0x00003f    program     static C:\WORKS\WS\Embedded\D-90~\D-93_PIC16_F88_A-D-conv\D-93_PIC16_F88_AD-conv_v-6.1\D-93_PIC16_F88_AD-conv_v-6.1.5\D-93_PIC16_F88_AD-conv_v-6.1.5.asm
                 chg7seg2   0x000044    program     static C:\WORKS\WS\Embedded\D-90~\D-93_PIC16_F88_A-D-conv\D-93_PIC16_F88_AD-conv_v-6.1\D-93_PIC16_F88_AD-conv_v-6.1.5\D-93_PIC16_F88_AD-conv_v-6.1.5.asm
                 chg7seg3   0x000049    program     static C:\WORKS\WS\Embedded\D-90~\D-93_PIC16_F88_A-D-conv\D-93_PIC16_F88_AD-conv_v-6.1\D-93_PIC16_F88_AD-conv_v-6.1.5\D-93_PIC16_F88_AD-conv_v-6.1.5.asm
                 chg7seg9   0x00004e    program     static C:\WORKS\WS\Embedded\D-90~\D-93_PIC16_F88_A-D-conv\D-93_PIC16_F88_AD-conv_v-6.1\D-93_PIC16_F88_AD-conv_v-6.1.5\D-93_PIC16_F88_AD-conv_v-6.1.5.asm
         Timer0_interrupt   0x000051    program     static C:\WORKS\WS\Embedded\D-90~\D-93_PIC16_F88_A-D-conv\D-93_PIC16_F88_AD-conv_v-6.1\D-93_PIC16_F88_AD-conv_v-6.1.5\D-93_PIC16_F88_AD-conv_v-6.1.5.asm
                      T1S   0x00005f    program     static C:\WORKS\WS\Embedded\D-90~\D-93_PIC16_F88_A-D-conv\D-93_PIC16_F88_AD-conv_v-6.1\D-93_PIC16_F88_AD-conv_v-6.1.5\D-93_PIC16_F88_AD-conv_v-6.1.5.asm
                    T1SLP   0x000061    program     static C:\WORKS\WS\Embedded\D-90~\D-93_PIC16_F88_A-D-conv\D-93_PIC16_F88_AD-conv_v-6.1\D-93_PIC16_F88_AD-conv_v-6.1.5\D-93_PIC16_F88_AD-conv_v-6.1.5.asm
                     T5mS   0x000065    program     static C:\WORKS\WS\Embedded\D-90~\D-93_PIC16_F88_A-D-conv\D-93_PIC16_F88_AD-conv_v-6.1\D-93_PIC16_F88_AD-conv_v-6.1.5\D-93_PIC16_F88_AD-conv_v-6.1.5.asm
                    T5mLP   0x000067    program     static C:\WORKS\WS\Embedded\D-90~\D-93_PIC16_F88_A-D-conv\D-93_PIC16_F88_AD-conv_v-6.1\D-93_PIC16_F88_AD-conv_v-6.1.5\D-93_PIC16_F88_AD-conv_v-6.1.5.asm
                    T02mS   0x00006b    program     static C:\WORKS\WS\Embedded\D-90~\D-93_PIC16_F88_A-D-conv\D-93_PIC16_F88_AD-conv_v-6.1\D-93_PIC16_F88_AD-conv_v-6.1.5\D-93_PIC16_F88_AD-conv_v-6.1.5.asm
                   T02mLP   0x00006d    program     static C:\WORKS\WS\Embedded\D-90~\D-93_PIC16_F88_A-D-conv\D-93_PIC16_F88_AD-conv_v-6.1\D-93_PIC16_F88_AD-conv_v-6.1.5\D-93_PIC16_F88_AD-conv_v-6.1.5.asm
                  bin2hex   0x000071    program     static C:\WORKS\WS\Embedded\D-90~\D-93_PIC16_F88_A-D-conv\D-93_PIC16_F88_AD-conv_v-6.1\D-93_PIC16_F88_AD-conv_v-6.1.5\D-93_PIC16_F88_AD-conv_v-6.1.5.asm


