MPLINK 4.42, Linker
Linker Map File - Created Wed Sep 10 16:30:32 2014

                                 Section Info
                  Section       Type    Address   Location Size(Bytes)
                ---------  ---------  ---------  ---------  ---------
                   .org_0       code   0x000000    program   0x000002
                   .cinit    romdata   0x000001    program   0x000004
                   .org_1       code   0x000004    program   0x00002c
.config_2007_D-92_PIC12_RE-TRY_V-1.0_V-8.86.O       code   0x002007    program   0x000002



                              Program Memory Usage 
                               Start         End      
                           ---------   ---------      
                            0x000000    0x000002      
                            0x000004    0x000019      
                            0x002007    0x002007      
            26 out of 1158 program addresses used, program memory utilization is 2%



                              Symbols - Sorted by Name
                     Name    Address   Location    Storage File                     
                ---------  ---------  ---------  --------- ---------                
                    DLY_1   0x000015    program     static C:\WORKS\WS\Embedded\D-90~\D-92_PIC12_re-try\D-92_PIC12_re-try_v-1.0_v-8.86\D-92_PIC12_re-try_v-1.0_v-8.86.asm
                   DLY_1L   0x000017    program     static C:\WORKS\WS\Embedded\D-90~\D-92_PIC12_re-try\D-92_PIC12_re-try_v-1.0_v-8.86\D-92_PIC12_re-try_v-1.0_v-8.86.asm
                     main   0x000005    program     static C:\WORKS\WS\Embedded\D-90~\D-92_PIC12_re-try\D-92_PIC12_re-try_v-1.0_v-8.86\D-92_PIC12_re-try_v-1.0_v-8.86.asm
                main_loop   0x000010    program     static C:\WORKS\WS\Embedded\D-90~\D-92_PIC12_re-try\D-92_PIC12_re-try_v-1.0_v-8.86\D-92_PIC12_re-try_v-1.0_v-8.86.asm



                              Symbols - Sorted by Address
                     Name    Address   Location    Storage File                     
                ---------  ---------  ---------  --------- ---------                
                     main   0x000005    program     static C:\WORKS\WS\Embedded\D-90~\D-92_PIC12_re-try\D-92_PIC12_re-try_v-1.0_v-8.86\D-92_PIC12_re-try_v-1.0_v-8.86.asm
                main_loop   0x000010    program     static C:\WORKS\WS\Embedded\D-90~\D-92_PIC12_re-try\D-92_PIC12_re-try_v-1.0_v-8.86\D-92_PIC12_re-try_v-1.0_v-8.86.asm
                    DLY_1   0x000015    program     static C:\WORKS\WS\Embedded\D-90~\D-92_PIC12_re-try\D-92_PIC12_re-try_v-1.0_v-8.86\D-92_PIC12_re-try_v-1.0_v-8.86.asm
                   DLY_1L   0x000017    program     static C:\WORKS\WS\Embedded\D-90~\D-92_PIC12_re-try\D-92_PIC12_re-try_v-1.0_v-8.86\D-92_PIC12_re-try_v-1.0_v-8.86.asm


