MPLINK 4.42, Linker
Linker Map File - Created Mon Nov 03 15:45:23 2014

                                 Section Info
                  Section       Type    Address   Location Size(Bytes)
                ---------  ---------  ---------  ---------  ---------
                   .org_0       code   0x000000    program   0x000198
                   .cinit    romdata   0x0000cc    program   0x000004
.config_2007_D-97_LCD_V-1.3.4.O       code   0x002007    program   0x000002



                              Program Memory Usage 
                               Start         End      
                           ---------   ---------      
                            0x000000    0x0000cd      
                            0x002007    0x002007      
            207 out of 4359 program addresses used, program memory utilization is 4%



                              Symbols - Sorted by Name
                     Name    Address   Location    Storage File                     
                ---------  ---------  ---------  --------- ---------                
                LCD_2line   0x00003a    program     static C:\WORKS\WS\Embedded\D-90~\D-97_LCD\D-97_LCD_v-1.x\D-97_LCD_v-1.3.x\D-97_LCD_v-1.3.4\D-97_LCD_v-1.3.4.asm
              LCD_BF_wait   0x000070    program     static C:\WORKS\WS\Embedded\D-90~\D-97_LCD\D-97_LCD_v-1.x\D-97_LCD_v-1.3.x\D-97_LCD_v-1.3.4\D-97_LCD_v-1.3.4.asm
             LCD_BF_wait1   0x000081    program     static C:\WORKS\WS\Embedded\D-90~\D-97_LCD\D-97_LCD_v-1.x\D-97_LCD_v-1.3.x\D-97_LCD_v-1.3.4\D-97_LCD_v-1.3.4.asm
                LCD_clear   0x000034    program     static C:\WORKS\WS\Embedded\D-90~\D-97_LCD\D-97_LCD_v-1.x\D-97_LCD_v-1.3.x\D-97_LCD_v-1.3.4\D-97_LCD_v-1.3.4.asm
              LCD_command   0x00005b    program     static C:\WORKS\WS\Embedded\D-90~\D-97_LCD\D-97_LCD_v-1.x\D-97_LCD_v-1.3.x\D-97_LCD_v-1.3.4\D-97_LCD_v-1.3.4.asm
                 LCD_home   0x000037    program     static C:\WORKS\WS\Embedded\D-90~\D-97_LCD\D-97_LCD_v-1.x\D-97_LCD_v-1.3.x\D-97_LCD_v-1.3.4\D-97_LCD_v-1.3.4.asm
                 LCD_init   0x000089    program     static C:\WORKS\WS\Embedded\D-90~\D-97_LCD\D-97_LCD_v-1.x\D-97_LCD_v-1.3.x\D-97_LCD_v-1.3.4\D-97_LCD_v-1.3.4.asm
                  LCD_off   0x000043    program     static C:\WORKS\WS\Embedded\D-90~\D-97_LCD\D-97_LCD_v-1.x\D-97_LCD_v-1.3.x\D-97_LCD_v-1.3.4\D-97_LCD_v-1.3.4.asm
                   LCD_on   0x00003d    program     static C:\WORKS\WS\Embedded\D-90~\D-97_LCD\D-97_LCD_v-1.x\D-97_LCD_v-1.3.x\D-97_LCD_v-1.3.4\D-97_LCD_v-1.3.4.asm
               LCD_on_cur   0x000040    program     static C:\WORKS\WS\Embedded\D-90~\D-97_LCD\D-97_LCD_v-1.x\D-97_LCD_v-1.3.x\D-97_LCD_v-1.3.4\D-97_LCD_v-1.3.4.asm
                LCD_write   0x000046    program     static C:\WORKS\WS\Embedded\D-90~\D-97_LCD\D-97_LCD_v-1.x\D-97_LCD_v-1.3.x\D-97_LCD_v-1.3.4\D-97_LCD_v-1.3.4.asm
               SHOW_LABEL   0x00001c    program     static C:\WORKS\WS\Embedded\D-90~\D-97_LCD\D-97_LCD_v-1.x\D-97_LCD_v-1.3.x\D-97_LCD_v-1.3.4\D-97_LCD_v-1.3.4.asm
             hex2HexChars   0x00002b    program     static C:\WORKS\WS\Embedded\D-90~\D-97_LCD\D-97_LCD_v-1.x\D-97_LCD_v-1.3.x\D-97_LCD_v-1.3.4\D-97_LCD_v-1.3.4.asm
                     init   0x000000    program     static C:\WORKS\WS\Embedded\D-90~\D-97_LCD\D-97_LCD_v-1.x\D-97_LCD_v-1.3.x\D-97_LCD_v-1.3.4\D-97_LCD_v-1.3.4.asm
                     main   0x00000f    program     static C:\WORKS\WS\Embedded\D-90~\D-97_LCD\D-97_LCD_v-1.x\D-97_LCD_v-1.3.x\D-97_LCD_v-1.3.4\D-97_LCD_v-1.3.4.asm
                 wait15ms   0x0000b5    program     static C:\WORKS\WS\Embedded\D-90~\D-97_LCD\D-97_LCD_v-1.x\D-97_LCD_v-1.3.x\D-97_LCD_v-1.3.4\D-97_LCD_v-1.3.4.asm
            wait15ms_loop   0x0000b7    program     static C:\WORKS\WS\Embedded\D-90~\D-97_LCD\D-97_LCD_v-1.x\D-97_LCD_v-1.3.x\D-97_LCD_v-1.3.4\D-97_LCD_v-1.3.4.asm
                  wait1ms   0x0000c1    program     static C:\WORKS\WS\Embedded\D-90~\D-97_LCD\D-97_LCD_v-1.x\D-97_LCD_v-1.3.x\D-97_LCD_v-1.3.4\D-97_LCD_v-1.3.4.asm
             wait1ms_loop   0x0000c3    program     static C:\WORKS\WS\Embedded\D-90~\D-97_LCD\D-97_LCD_v-1.x\D-97_LCD_v-1.3.x\D-97_LCD_v-1.3.4\D-97_LCD_v-1.3.4.asm
                 wait50us   0x0000c7    program     static C:\WORKS\WS\Embedded\D-90~\D-97_LCD\D-97_LCD_v-1.x\D-97_LCD_v-1.3.x\D-97_LCD_v-1.3.4\D-97_LCD_v-1.3.4.asm
            wait50us_loop   0x0000c9    program     static C:\WORKS\WS\Embedded\D-90~\D-97_LCD\D-97_LCD_v-1.x\D-97_LCD_v-1.3.x\D-97_LCD_v-1.3.4\D-97_LCD_v-1.3.4.asm
                  wait5ms   0x0000bb    program     static C:\WORKS\WS\Embedded\D-90~\D-97_LCD\D-97_LCD_v-1.x\D-97_LCD_v-1.3.x\D-97_LCD_v-1.3.4\D-97_LCD_v-1.3.4.asm
             wait5ms_loop   0x0000bd    program     static C:\WORKS\WS\Embedded\D-90~\D-97_LCD\D-97_LCD_v-1.x\D-97_LCD_v-1.3.x\D-97_LCD_v-1.3.4\D-97_LCD_v-1.3.4.asm



                              Symbols - Sorted by Address
                     Name    Address   Location    Storage File                     
                ---------  ---------  ---------  --------- ---------                
                     init   0x000000    program     static C:\WORKS\WS\Embedded\D-90~\D-97_LCD\D-97_LCD_v-1.x\D-97_LCD_v-1.3.x\D-97_LCD_v-1.3.4\D-97_LCD_v-1.3.4.asm
                     main   0x00000f    program     static C:\WORKS\WS\Embedded\D-90~\D-97_LCD\D-97_LCD_v-1.x\D-97_LCD_v-1.3.x\D-97_LCD_v-1.3.4\D-97_LCD_v-1.3.4.asm
               SHOW_LABEL   0x00001c    program     static C:\WORKS\WS\Embedded\D-90~\D-97_LCD\D-97_LCD_v-1.x\D-97_LCD_v-1.3.x\D-97_LCD_v-1.3.4\D-97_LCD_v-1.3.4.asm
             hex2HexChars   0x00002b    program     static C:\WORKS\WS\Embedded\D-90~\D-97_LCD\D-97_LCD_v-1.x\D-97_LCD_v-1.3.x\D-97_LCD_v-1.3.4\D-97_LCD_v-1.3.4.asm
                LCD_clear   0x000034    program     static C:\WORKS\WS\Embedded\D-90~\D-97_LCD\D-97_LCD_v-1.x\D-97_LCD_v-1.3.x\D-97_LCD_v-1.3.4\D-97_LCD_v-1.3.4.asm
                 LCD_home   0x000037    program     static C:\WORKS\WS\Embedded\D-90~\D-97_LCD\D-97_LCD_v-1.x\D-97_LCD_v-1.3.x\D-97_LCD_v-1.3.4\D-97_LCD_v-1.3.4.asm
                LCD_2line   0x00003a    program     static C:\WORKS\WS\Embedded\D-90~\D-97_LCD\D-97_LCD_v-1.x\D-97_LCD_v-1.3.x\D-97_LCD_v-1.3.4\D-97_LCD_v-1.3.4.asm
                   LCD_on   0x00003d    program     static C:\WORKS\WS\Embedded\D-90~\D-97_LCD\D-97_LCD_v-1.x\D-97_LCD_v-1.3.x\D-97_LCD_v-1.3.4\D-97_LCD_v-1.3.4.asm
               LCD_on_cur   0x000040    program     static C:\WORKS\WS\Embedded\D-90~\D-97_LCD\D-97_LCD_v-1.x\D-97_LCD_v-1.3.x\D-97_LCD_v-1.3.4\D-97_LCD_v-1.3.4.asm
                  LCD_off   0x000043    program     static C:\WORKS\WS\Embedded\D-90~\D-97_LCD\D-97_LCD_v-1.x\D-97_LCD_v-1.3.x\D-97_LCD_v-1.3.4\D-97_LCD_v-1.3.4.asm
                LCD_write   0x000046    program     static C:\WORKS\WS\Embedded\D-90~\D-97_LCD\D-97_LCD_v-1.x\D-97_LCD_v-1.3.x\D-97_LCD_v-1.3.4\D-97_LCD_v-1.3.4.asm
              LCD_command   0x00005b    program     static C:\WORKS\WS\Embedded\D-90~\D-97_LCD\D-97_LCD_v-1.x\D-97_LCD_v-1.3.x\D-97_LCD_v-1.3.4\D-97_LCD_v-1.3.4.asm
              LCD_BF_wait   0x000070    program     static C:\WORKS\WS\Embedded\D-90~\D-97_LCD\D-97_LCD_v-1.x\D-97_LCD_v-1.3.x\D-97_LCD_v-1.3.4\D-97_LCD_v-1.3.4.asm
             LCD_BF_wait1   0x000081    program     static C:\WORKS\WS\Embedded\D-90~\D-97_LCD\D-97_LCD_v-1.x\D-97_LCD_v-1.3.x\D-97_LCD_v-1.3.4\D-97_LCD_v-1.3.4.asm
                 LCD_init   0x000089    program     static C:\WORKS\WS\Embedded\D-90~\D-97_LCD\D-97_LCD_v-1.x\D-97_LCD_v-1.3.x\D-97_LCD_v-1.3.4\D-97_LCD_v-1.3.4.asm
                 wait15ms   0x0000b5    program     static C:\WORKS\WS\Embedded\D-90~\D-97_LCD\D-97_LCD_v-1.x\D-97_LCD_v-1.3.x\D-97_LCD_v-1.3.4\D-97_LCD_v-1.3.4.asm
            wait15ms_loop   0x0000b7    program     static C:\WORKS\WS\Embedded\D-90~\D-97_LCD\D-97_LCD_v-1.x\D-97_LCD_v-1.3.x\D-97_LCD_v-1.3.4\D-97_LCD_v-1.3.4.asm
                  wait5ms   0x0000bb    program     static C:\WORKS\WS\Embedded\D-90~\D-97_LCD\D-97_LCD_v-1.x\D-97_LCD_v-1.3.x\D-97_LCD_v-1.3.4\D-97_LCD_v-1.3.4.asm
             wait5ms_loop   0x0000bd    program     static C:\WORKS\WS\Embedded\D-90~\D-97_LCD\D-97_LCD_v-1.x\D-97_LCD_v-1.3.x\D-97_LCD_v-1.3.4\D-97_LCD_v-1.3.4.asm
                  wait1ms   0x0000c1    program     static C:\WORKS\WS\Embedded\D-90~\D-97_LCD\D-97_LCD_v-1.x\D-97_LCD_v-1.3.x\D-97_LCD_v-1.3.4\D-97_LCD_v-1.3.4.asm
             wait1ms_loop   0x0000c3    program     static C:\WORKS\WS\Embedded\D-90~\D-97_LCD\D-97_LCD_v-1.x\D-97_LCD_v-1.3.x\D-97_LCD_v-1.3.4\D-97_LCD_v-1.3.4.asm
                 wait50us   0x0000c7    program     static C:\WORKS\WS\Embedded\D-90~\D-97_LCD\D-97_LCD_v-1.x\D-97_LCD_v-1.3.x\D-97_LCD_v-1.3.4\D-97_LCD_v-1.3.4.asm
            wait50us_loop   0x0000c9    program     static C:\WORKS\WS\Embedded\D-90~\D-97_LCD\D-97_LCD_v-1.x\D-97_LCD_v-1.3.x\D-97_LCD_v-1.3.4\D-97_LCD_v-1.3.4.asm


