MPLINK 4.42, Linker
Linker Map File - Created Mon Oct 20 15:34:41 2014

                                 Section Info
                  Section       Type    Address   Location Size(Bytes)
                ---------  ---------  ---------  ---------  ---------
                   .org_0       code   0x000000    program   0x000002
                   .cinit    romdata   0x000001    program   0x000004
                   .org_1       code   0x000004    program   0x000068
.config_2007_D-95_EEPROM_V-1.1.O       code   0x002007    program   0x000002



                              Program Memory Usage 
                               Start         End      
                           ---------   ---------      
                            0x000000    0x000002      
                            0x000004    0x000037      
                            0x002007    0x002007      
            56 out of 4359 program addresses used, program memory utilization is 1%



                              Symbols - Sorted by Name
                     Name    Address   Location    Storage File                     
                ---------  ---------  ---------  --------- ---------                
                  bcd2led   0x000027    program     static C:\WORKS\WS\Embedded\D-90~\D-95_EEPROM\D-95_EEPROM_v-1.1\D-95_EEPROM_v-1.1.asm
                  chg7seg   0x00000f    program     static C:\WORKS\WS\Embedded\D-90~\D-95_EEPROM\D-95_EEPROM_v-1.1\D-95_EEPROM_v-1.1.asm
                 chg7seg1   0x000014    program     static C:\WORKS\WS\Embedded\D-90~\D-95_EEPROM\D-95_EEPROM_v-1.1\D-95_EEPROM_v-1.1.asm
                 chg7seg2   0x000017    program     static C:\WORKS\WS\Embedded\D-90~\D-95_EEPROM\D-95_EEPROM_v-1.1\D-95_EEPROM_v-1.1.asm
                 chg7seg3   0x00001c    program     static C:\WORKS\WS\Embedded\D-90~\D-95_EEPROM\D-95_EEPROM_v-1.1\D-95_EEPROM_v-1.1.asm
                 chg7seg9   0x000022    program     static C:\WORKS\WS\Embedded\D-90~\D-95_EEPROM\D-95_EEPROM_v-1.1\D-95_EEPROM_v-1.1.asm
                 chg7segX   0x000026    program     static C:\WORKS\WS\Embedded\D-90~\D-95_EEPROM\D-95_EEPROM_v-1.1\D-95_EEPROM_v-1.1.asm
                     init   0x000004    program     static C:\WORKS\WS\Embedded\D-90~\D-95_EEPROM\D-95_EEPROM_v-1.1\D-95_EEPROM_v-1.1.asm
                     main   0x00000a    program     static C:\WORKS\WS\Embedded\D-90~\D-95_EEPROM\D-95_EEPROM_v-1.1\D-95_EEPROM_v-1.1.asm
                    main1   0x00000d    program     static C:\WORKS\WS\Embedded\D-90~\D-95_EEPROM\D-95_EEPROM_v-1.1\D-95_EEPROM_v-1.1.asm



                              Symbols - Sorted by Address
                     Name    Address   Location    Storage File                     
                ---------  ---------  ---------  --------- ---------                
                     init   0x000004    program     static C:\WORKS\WS\Embedded\D-90~\D-95_EEPROM\D-95_EEPROM_v-1.1\D-95_EEPROM_v-1.1.asm
                     main   0x00000a    program     static C:\WORKS\WS\Embedded\D-90~\D-95_EEPROM\D-95_EEPROM_v-1.1\D-95_EEPROM_v-1.1.asm
                    main1   0x00000d    program     static C:\WORKS\WS\Embedded\D-90~\D-95_EEPROM\D-95_EEPROM_v-1.1\D-95_EEPROM_v-1.1.asm
                  chg7seg   0x00000f    program     static C:\WORKS\WS\Embedded\D-90~\D-95_EEPROM\D-95_EEPROM_v-1.1\D-95_EEPROM_v-1.1.asm
                 chg7seg1   0x000014    program     static C:\WORKS\WS\Embedded\D-90~\D-95_EEPROM\D-95_EEPROM_v-1.1\D-95_EEPROM_v-1.1.asm
                 chg7seg2   0x000017    program     static C:\WORKS\WS\Embedded\D-90~\D-95_EEPROM\D-95_EEPROM_v-1.1\D-95_EEPROM_v-1.1.asm
                 chg7seg3   0x00001c    program     static C:\WORKS\WS\Embedded\D-90~\D-95_EEPROM\D-95_EEPROM_v-1.1\D-95_EEPROM_v-1.1.asm
                 chg7seg9   0x000022    program     static C:\WORKS\WS\Embedded\D-90~\D-95_EEPROM\D-95_EEPROM_v-1.1\D-95_EEPROM_v-1.1.asm
                 chg7segX   0x000026    program     static C:\WORKS\WS\Embedded\D-90~\D-95_EEPROM\D-95_EEPROM_v-1.1\D-95_EEPROM_v-1.1.asm
                  bcd2led   0x000027    program     static C:\WORKS\WS\Embedded\D-90~\D-95_EEPROM\D-95_EEPROM_v-1.1\D-95_EEPROM_v-1.1.asm


