MPLINK 4.42, Linker
Linker Map File - Created Sat Nov 01 21:07:08 2014

                                 Section Info
                  Section       Type    Address   Location Size(Bytes)
                ---------  ---------  ---------  ---------  ---------
                   .org_0       code   0x000000    program   0x000174
                   .cinit    romdata   0x0000ba    program   0x000004
.config_2007_D-97_LCD_V-1.3.0.O       code   0x002007    program   0x000002



                              Program Memory Usage 
                               Start         End      
                           ---------   ---------      
                            0x000000    0x0000bb      
                            0x002007    0x002007      
            189 out of 4359 program addresses used, program memory utilization is 4%



                              Symbols - Sorted by Name
                     Name    Address   Location    Storage File                     
                ---------  ---------  ---------  --------- ---------                
                LCD_2line   0x000028    program     static C:\WORKS\WS\Embedded\D-90~\D-97_LCD\D-97_LCD_v-1.x\D-97_LCD_v-1.3.x\D-97_LCD_v-1.3.0\D-97_LCD_v-1.3.0.asm
              LCD_BF_wait   0x00005e    program     static C:\WORKS\WS\Embedded\D-90~\D-97_LCD\D-97_LCD_v-1.x\D-97_LCD_v-1.3.x\D-97_LCD_v-1.3.0\D-97_LCD_v-1.3.0.asm
             LCD_BF_wait1   0x00006f    program     static C:\WORKS\WS\Embedded\D-90~\D-97_LCD\D-97_LCD_v-1.x\D-97_LCD_v-1.3.x\D-97_LCD_v-1.3.0\D-97_LCD_v-1.3.0.asm
                LCD_clear   0x000022    program     static C:\WORKS\WS\Embedded\D-90~\D-97_LCD\D-97_LCD_v-1.x\D-97_LCD_v-1.3.x\D-97_LCD_v-1.3.0\D-97_LCD_v-1.3.0.asm
              LCD_command   0x000049    program     static C:\WORKS\WS\Embedded\D-90~\D-97_LCD\D-97_LCD_v-1.x\D-97_LCD_v-1.3.x\D-97_LCD_v-1.3.0\D-97_LCD_v-1.3.0.asm
                 LCD_home   0x000025    program     static C:\WORKS\WS\Embedded\D-90~\D-97_LCD\D-97_LCD_v-1.x\D-97_LCD_v-1.3.x\D-97_LCD_v-1.3.0\D-97_LCD_v-1.3.0.asm
                 LCD_init   0x000077    program     static C:\WORKS\WS\Embedded\D-90~\D-97_LCD\D-97_LCD_v-1.x\D-97_LCD_v-1.3.x\D-97_LCD_v-1.3.0\D-97_LCD_v-1.3.0.asm
                  LCD_off   0x000031    program     static C:\WORKS\WS\Embedded\D-90~\D-97_LCD\D-97_LCD_v-1.x\D-97_LCD_v-1.3.x\D-97_LCD_v-1.3.0\D-97_LCD_v-1.3.0.asm
                   LCD_on   0x00002b    program     static C:\WORKS\WS\Embedded\D-90~\D-97_LCD\D-97_LCD_v-1.x\D-97_LCD_v-1.3.x\D-97_LCD_v-1.3.0\D-97_LCD_v-1.3.0.asm
               LCD_on_cur   0x00002e    program     static C:\WORKS\WS\Embedded\D-90~\D-97_LCD\D-97_LCD_v-1.x\D-97_LCD_v-1.3.x\D-97_LCD_v-1.3.0\D-97_LCD_v-1.3.0.asm
                LCD_write   0x000034    program     static C:\WORKS\WS\Embedded\D-90~\D-97_LCD\D-97_LCD_v-1.x\D-97_LCD_v-1.3.x\D-97_LCD_v-1.3.0\D-97_LCD_v-1.3.0.asm
                     init   0x000000    program     static C:\WORKS\WS\Embedded\D-90~\D-97_LCD\D-97_LCD_v-1.x\D-97_LCD_v-1.3.x\D-97_LCD_v-1.3.0\D-97_LCD_v-1.3.0.asm
                     main   0x00000f    program     static C:\WORKS\WS\Embedded\D-90~\D-97_LCD\D-97_LCD_v-1.x\D-97_LCD_v-1.3.x\D-97_LCD_v-1.3.0\D-97_LCD_v-1.3.0.asm
                 wait15ms   0x0000a3    program     static C:\WORKS\WS\Embedded\D-90~\D-97_LCD\D-97_LCD_v-1.x\D-97_LCD_v-1.3.x\D-97_LCD_v-1.3.0\D-97_LCD_v-1.3.0.asm
            wait15ms_loop   0x0000a5    program     static C:\WORKS\WS\Embedded\D-90~\D-97_LCD\D-97_LCD_v-1.x\D-97_LCD_v-1.3.x\D-97_LCD_v-1.3.0\D-97_LCD_v-1.3.0.asm
                  wait1ms   0x0000af    program     static C:\WORKS\WS\Embedded\D-90~\D-97_LCD\D-97_LCD_v-1.x\D-97_LCD_v-1.3.x\D-97_LCD_v-1.3.0\D-97_LCD_v-1.3.0.asm
             wait1ms_loop   0x0000b1    program     static C:\WORKS\WS\Embedded\D-90~\D-97_LCD\D-97_LCD_v-1.x\D-97_LCD_v-1.3.x\D-97_LCD_v-1.3.0\D-97_LCD_v-1.3.0.asm
                 wait50us   0x0000b5    program     static C:\WORKS\WS\Embedded\D-90~\D-97_LCD\D-97_LCD_v-1.x\D-97_LCD_v-1.3.x\D-97_LCD_v-1.3.0\D-97_LCD_v-1.3.0.asm
            wait50us_loop   0x0000b7    program     static C:\WORKS\WS\Embedded\D-90~\D-97_LCD\D-97_LCD_v-1.x\D-97_LCD_v-1.3.x\D-97_LCD_v-1.3.0\D-97_LCD_v-1.3.0.asm
                  wait5ms   0x0000a9    program     static C:\WORKS\WS\Embedded\D-90~\D-97_LCD\D-97_LCD_v-1.x\D-97_LCD_v-1.3.x\D-97_LCD_v-1.3.0\D-97_LCD_v-1.3.0.asm
             wait5ms_loop   0x0000ab    program     static C:\WORKS\WS\Embedded\D-90~\D-97_LCD\D-97_LCD_v-1.x\D-97_LCD_v-1.3.x\D-97_LCD_v-1.3.0\D-97_LCD_v-1.3.0.asm



                              Symbols - Sorted by Address
                     Name    Address   Location    Storage File                     
                ---------  ---------  ---------  --------- ---------                
                     init   0x000000    program     static C:\WORKS\WS\Embedded\D-90~\D-97_LCD\D-97_LCD_v-1.x\D-97_LCD_v-1.3.x\D-97_LCD_v-1.3.0\D-97_LCD_v-1.3.0.asm
                     main   0x00000f    program     static C:\WORKS\WS\Embedded\D-90~\D-97_LCD\D-97_LCD_v-1.x\D-97_LCD_v-1.3.x\D-97_LCD_v-1.3.0\D-97_LCD_v-1.3.0.asm
                LCD_clear   0x000022    program     static C:\WORKS\WS\Embedded\D-90~\D-97_LCD\D-97_LCD_v-1.x\D-97_LCD_v-1.3.x\D-97_LCD_v-1.3.0\D-97_LCD_v-1.3.0.asm
                 LCD_home   0x000025    program     static C:\WORKS\WS\Embedded\D-90~\D-97_LCD\D-97_LCD_v-1.x\D-97_LCD_v-1.3.x\D-97_LCD_v-1.3.0\D-97_LCD_v-1.3.0.asm
                LCD_2line   0x000028    program     static C:\WORKS\WS\Embedded\D-90~\D-97_LCD\D-97_LCD_v-1.x\D-97_LCD_v-1.3.x\D-97_LCD_v-1.3.0\D-97_LCD_v-1.3.0.asm
                   LCD_on   0x00002b    program     static C:\WORKS\WS\Embedded\D-90~\D-97_LCD\D-97_LCD_v-1.x\D-97_LCD_v-1.3.x\D-97_LCD_v-1.3.0\D-97_LCD_v-1.3.0.asm
               LCD_on_cur   0x00002e    program     static C:\WORKS\WS\Embedded\D-90~\D-97_LCD\D-97_LCD_v-1.x\D-97_LCD_v-1.3.x\D-97_LCD_v-1.3.0\D-97_LCD_v-1.3.0.asm
                  LCD_off   0x000031    program     static C:\WORKS\WS\Embedded\D-90~\D-97_LCD\D-97_LCD_v-1.x\D-97_LCD_v-1.3.x\D-97_LCD_v-1.3.0\D-97_LCD_v-1.3.0.asm
                LCD_write   0x000034    program     static C:\WORKS\WS\Embedded\D-90~\D-97_LCD\D-97_LCD_v-1.x\D-97_LCD_v-1.3.x\D-97_LCD_v-1.3.0\D-97_LCD_v-1.3.0.asm
              LCD_command   0x000049    program     static C:\WORKS\WS\Embedded\D-90~\D-97_LCD\D-97_LCD_v-1.x\D-97_LCD_v-1.3.x\D-97_LCD_v-1.3.0\D-97_LCD_v-1.3.0.asm
              LCD_BF_wait   0x00005e    program     static C:\WORKS\WS\Embedded\D-90~\D-97_LCD\D-97_LCD_v-1.x\D-97_LCD_v-1.3.x\D-97_LCD_v-1.3.0\D-97_LCD_v-1.3.0.asm
             LCD_BF_wait1   0x00006f    program     static C:\WORKS\WS\Embedded\D-90~\D-97_LCD\D-97_LCD_v-1.x\D-97_LCD_v-1.3.x\D-97_LCD_v-1.3.0\D-97_LCD_v-1.3.0.asm
                 LCD_init   0x000077    program     static C:\WORKS\WS\Embedded\D-90~\D-97_LCD\D-97_LCD_v-1.x\D-97_LCD_v-1.3.x\D-97_LCD_v-1.3.0\D-97_LCD_v-1.3.0.asm
                 wait15ms   0x0000a3    program     static C:\WORKS\WS\Embedded\D-90~\D-97_LCD\D-97_LCD_v-1.x\D-97_LCD_v-1.3.x\D-97_LCD_v-1.3.0\D-97_LCD_v-1.3.0.asm
            wait15ms_loop   0x0000a5    program     static C:\WORKS\WS\Embedded\D-90~\D-97_LCD\D-97_LCD_v-1.x\D-97_LCD_v-1.3.x\D-97_LCD_v-1.3.0\D-97_LCD_v-1.3.0.asm
                  wait5ms   0x0000a9    program     static C:\WORKS\WS\Embedded\D-90~\D-97_LCD\D-97_LCD_v-1.x\D-97_LCD_v-1.3.x\D-97_LCD_v-1.3.0\D-97_LCD_v-1.3.0.asm
             wait5ms_loop   0x0000ab    program     static C:\WORKS\WS\Embedded\D-90~\D-97_LCD\D-97_LCD_v-1.x\D-97_LCD_v-1.3.x\D-97_LCD_v-1.3.0\D-97_LCD_v-1.3.0.asm
                  wait1ms   0x0000af    program     static C:\WORKS\WS\Embedded\D-90~\D-97_LCD\D-97_LCD_v-1.x\D-97_LCD_v-1.3.x\D-97_LCD_v-1.3.0\D-97_LCD_v-1.3.0.asm
             wait1ms_loop   0x0000b1    program     static C:\WORKS\WS\Embedded\D-90~\D-97_LCD\D-97_LCD_v-1.x\D-97_LCD_v-1.3.x\D-97_LCD_v-1.3.0\D-97_LCD_v-1.3.0.asm
                 wait50us   0x0000b5    program     static C:\WORKS\WS\Embedded\D-90~\D-97_LCD\D-97_LCD_v-1.x\D-97_LCD_v-1.3.x\D-97_LCD_v-1.3.0\D-97_LCD_v-1.3.0.asm
            wait50us_loop   0x0000b7    program     static C:\WORKS\WS\Embedded\D-90~\D-97_LCD\D-97_LCD_v-1.x\D-97_LCD_v-1.3.x\D-97_LCD_v-1.3.0\D-97_LCD_v-1.3.0.asm


