MPLINK 4.42, Linker
Linker Map File - Created Wed Oct 01 10:14:55 2014

                                 Section Info
                  Section       Type    Address   Location Size(Bytes)
                ---------  ---------  ---------  ---------  ---------
                   .org_0       code   0x000000    program   0x000002
                   .cinit    romdata   0x000001    program   0x000004
                   .org_1       code   0x000004    program   0x000026
.config_2007_D-93_PIC16_F88_AD-CONV_V-6.0.4.O       code   0x002007    program   0x000002
.config_2008_D-93_PIC16_F88_AD-CONV_V-6.0.4.O       code   0x002008    program   0x000002



                              Program Memory Usage 
                               Start         End      
                           ---------   ---------      
                            0x000000    0x000002      
                            0x000004    0x000016      
                            0x002007    0x002008      
            24 out of 4359 program addresses used, program memory utilization is 0%



                              Symbols - Sorted by Name
                     Name    Address   Location    Storage File                     
                ---------  ---------  ---------  --------- ---------                
                     INIT   0x000006    program     static C:\WORKS\WS\Embedded\D-90~\D-93_PIC16_F88_A-D-conv\D-93_PIC16_F88_AD-conv_v-6.0\D-93_PIC16_F88_AD-conv_v-6.0.4\D-93_PIC16_F88_AD-conv_v-6.0.4.asm
                    STEP1   0x000010    program     static C:\WORKS\WS\Embedded\D-90~\D-93_PIC16_F88_A-D-conv\D-93_PIC16_F88_AD-conv_v-6.0\D-93_PIC16_F88_AD-conv_v-6.0.4\D-93_PIC16_F88_AD-conv_v-6.0.4.asm
         Timer0_interrupt   0x000011    program     static C:\WORKS\WS\Embedded\D-90~\D-93_PIC16_F88_A-D-conv\D-93_PIC16_F88_AD-conv_v-6.0\D-93_PIC16_F88_AD-conv_v-6.0.4\D-93_PIC16_F88_AD-conv_v-6.0.4.asm



                              Symbols - Sorted by Address
                     Name    Address   Location    Storage File                     
                ---------  ---------  ---------  --------- ---------                
                     INIT   0x000006    program     static C:\WORKS\WS\Embedded\D-90~\D-93_PIC16_F88_A-D-conv\D-93_PIC16_F88_AD-conv_v-6.0\D-93_PIC16_F88_AD-conv_v-6.0.4\D-93_PIC16_F88_AD-conv_v-6.0.4.asm
                    STEP1   0x000010    program     static C:\WORKS\WS\Embedded\D-90~\D-93_PIC16_F88_A-D-conv\D-93_PIC16_F88_AD-conv_v-6.0\D-93_PIC16_F88_AD-conv_v-6.0.4\D-93_PIC16_F88_AD-conv_v-6.0.4.asm
         Timer0_interrupt   0x000011    program     static C:\WORKS\WS\Embedded\D-90~\D-93_PIC16_F88_A-D-conv\D-93_PIC16_F88_AD-conv_v-6.0\D-93_PIC16_F88_AD-conv_v-6.0.4\D-93_PIC16_F88_AD-conv_v-6.0.4.asm


