MPLINK 4.42, Linker
Linker Map File - Created Sat Oct 18 20:57:27 2014

                                 Section Info
                  Section       Type    Address   Location Size(Bytes)
                ---------  ---------  ---------  ---------  ---------
                   .org_0       code   0x000000    program   0x000002
                   .cinit    romdata   0x000001    program   0x000004
                   .org_1       code   0x000004    program   0x0001d2
.config_2007_D-94_ADC_TEMP_2.0.O       code   0x002007    program   0x000002



                              Program Memory Usage 
                               Start         End      
                           ---------   ---------      
                            0x000000    0x000002      
                            0x000004    0x0000ec      
                            0x002007    0x002007      
            237 out of 4359 program addresses used, program memory utilization is 5%



                              Symbols - Sorted by Name
                     Name    Address   Location    Storage File                     
                ---------  ---------  ---------  --------- ---------                
                    ADave   0x0000bf    program     static C:\WORKS\WS\Embedded\D-90~\D-94_ADC_temp\D-94_ADC_temp_2.x\D-94_ADC_temp_2.0\D-94_ADC_temp_2.0.asm
                    RBint   0x000028    program     static C:\WORKS\WS\Embedded\D-90~\D-94_ADC_temp\D-94_ADC_temp_2.x\D-94_ADC_temp_2.0\D-94_ADC_temp_2.0.asm
                   RBint9   0x00002c    program     static C:\WORKS\WS\Embedded\D-90~\D-94_ADC_temp\D-94_ADC_temp_2.x\D-94_ADC_temp_2.0\D-94_ADC_temp_2.0.asm
                  bcd2led   0x00007b    program     static C:\WORKS\WS\Embedded\D-90~\D-94_ADC_temp\D-94_ADC_temp_2.x\D-94_ADC_temp_2.0\D-94_ADC_temp_2.0.asm
                  bin2BCD   0x00008c    program     static C:\WORKS\WS\Embedded\D-90~\D-94_ADC_temp\D-94_ADC_temp_2.x\D-94_ADC_temp_2.0\D-94_ADC_temp_2.0.asm
                 bin2BCD2   0x0000a9    program     static C:\WORKS\WS\Embedded\D-90~\D-94_ADC_temp\D-94_ADC_temp_2.x\D-94_ADC_temp_2.0\D-94_ADC_temp_2.0.asm
                 bin2BCD3   0x00009e    program     static C:\WORKS\WS\Embedded\D-90~\D-94_ADC_temp\D-94_ADC_temp_2.x\D-94_ADC_temp_2.0\D-94_ADC_temp_2.0.asm
                  chg7seg   0x000063    program     static C:\WORKS\WS\Embedded\D-90~\D-94_ADC_temp\D-94_ADC_temp_2.x\D-94_ADC_temp_2.0\D-94_ADC_temp_2.0.asm
                 chg7seg1   0x00006e    program     static C:\WORKS\WS\Embedded\D-90~\D-94_ADC_temp\D-94_ADC_temp_2.x\D-94_ADC_temp_2.0\D-94_ADC_temp_2.0.asm
                 chg7seg2   0x000070    program     static C:\WORKS\WS\Embedded\D-90~\D-94_ADC_temp\D-94_ADC_temp_2.x\D-94_ADC_temp_2.0\D-94_ADC_temp_2.0.asm
                 chg7seg3   0x000073    program     static C:\WORKS\WS\Embedded\D-90~\D-94_ADC_temp\D-94_ADC_temp_2.x\D-94_ADC_temp_2.0\D-94_ADC_temp_2.0.asm
                 chg7seg9   0x000076    program     static C:\WORKS\WS\Embedded\D-90~\D-94_ADC_temp\D-94_ADC_temp_2.x\D-94_ADC_temp_2.0\D-94_ADC_temp_2.0.asm
                 chg7segX   0x00007a    program     static C:\WORKS\WS\Embedded\D-90~\D-94_ADC_temp\D-94_ADC_temp_2.x\D-94_ADC_temp_2.0\D-94_ADC_temp_2.0.asm
                 goto_bed   0x0000b1    program     static C:\WORKS\WS\Embedded\D-90~\D-94_ADC_temp\D-94_ADC_temp_2.x\D-94_ADC_temp_2.0\D-94_ADC_temp_2.0.asm
                     init   0x000032    program     static C:\WORKS\WS\Embedded\D-90~\D-94_ADC_temp\D-94_ADC_temp_2.x\D-94_ADC_temp_2.0\D-94_ADC_temp_2.0.asm
                     intr   0x000004    program     static C:\WORKS\WS\Embedded\D-90~\D-94_ADC_temp\D-94_ADC_temp_2.x\D-94_ADC_temp_2.0\D-94_ADC_temp_2.0.asm
                    intr5   0x000013    program     static C:\WORKS\WS\Embedded\D-90~\D-94_ADC_temp\D-94_ADC_temp_2.x\D-94_ADC_temp_2.0\D-94_ADC_temp_2.0.asm
                    intr6   0x000018    program     static C:\WORKS\WS\Embedded\D-90~\D-94_ADC_temp\D-94_ADC_temp_2.x\D-94_ADC_temp_2.0\D-94_ADC_temp_2.0.asm
                    intr9   0x00002d    program     static C:\WORKS\WS\Embedded\D-90~\D-94_ADC_temp\D-94_ADC_temp_2.x\D-94_ADC_temp_2.0\D-94_ADC_temp_2.0.asm
                     main   0x000059    program     static C:\WORKS\WS\Embedded\D-90~\D-94_ADC_temp\D-94_ADC_temp_2.x\D-94_ADC_temp_2.0\D-94_ADC_temp_2.0.asm
                    main1   0x00005e    program     static C:\WORKS\WS\Embedded\D-90~\D-94_ADC_temp\D-94_ADC_temp_2.x\D-94_ADC_temp_2.0\D-94_ADC_temp_2.0.asm
                    main7   0x00005e    program     static C:\WORKS\WS\Embedded\D-90~\D-94_ADC_temp\D-94_ADC_temp_2.x\D-94_ADC_temp_2.0\D-94_ADC_temp_2.0.asm



                              Symbols - Sorted by Address
                     Name    Address   Location    Storage File                     
                ---------  ---------  ---------  --------- ---------                
                     intr   0x000004    program     static C:\WORKS\WS\Embedded\D-90~\D-94_ADC_temp\D-94_ADC_temp_2.x\D-94_ADC_temp_2.0\D-94_ADC_temp_2.0.asm
                    intr5   0x000013    program     static C:\WORKS\WS\Embedded\D-90~\D-94_ADC_temp\D-94_ADC_temp_2.x\D-94_ADC_temp_2.0\D-94_ADC_temp_2.0.asm
                    intr6   0x000018    program     static C:\WORKS\WS\Embedded\D-90~\D-94_ADC_temp\D-94_ADC_temp_2.x\D-94_ADC_temp_2.0\D-94_ADC_temp_2.0.asm
                    RBint   0x000028    program     static C:\WORKS\WS\Embedded\D-90~\D-94_ADC_temp\D-94_ADC_temp_2.x\D-94_ADC_temp_2.0\D-94_ADC_temp_2.0.asm
                   RBint9   0x00002c    program     static C:\WORKS\WS\Embedded\D-90~\D-94_ADC_temp\D-94_ADC_temp_2.x\D-94_ADC_temp_2.0\D-94_ADC_temp_2.0.asm
                    intr9   0x00002d    program     static C:\WORKS\WS\Embedded\D-90~\D-94_ADC_temp\D-94_ADC_temp_2.x\D-94_ADC_temp_2.0\D-94_ADC_temp_2.0.asm
                     init   0x000032    program     static C:\WORKS\WS\Embedded\D-90~\D-94_ADC_temp\D-94_ADC_temp_2.x\D-94_ADC_temp_2.0\D-94_ADC_temp_2.0.asm
                     main   0x000059    program     static C:\WORKS\WS\Embedded\D-90~\D-94_ADC_temp\D-94_ADC_temp_2.x\D-94_ADC_temp_2.0\D-94_ADC_temp_2.0.asm
                    main7   0x00005e    program     static C:\WORKS\WS\Embedded\D-90~\D-94_ADC_temp\D-94_ADC_temp_2.x\D-94_ADC_temp_2.0\D-94_ADC_temp_2.0.asm
                    main1   0x00005e    program     static C:\WORKS\WS\Embedded\D-90~\D-94_ADC_temp\D-94_ADC_temp_2.x\D-94_ADC_temp_2.0\D-94_ADC_temp_2.0.asm
                  chg7seg   0x000063    program     static C:\WORKS\WS\Embedded\D-90~\D-94_ADC_temp\D-94_ADC_temp_2.x\D-94_ADC_temp_2.0\D-94_ADC_temp_2.0.asm
                 chg7seg1   0x00006e    program     static C:\WORKS\WS\Embedded\D-90~\D-94_ADC_temp\D-94_ADC_temp_2.x\D-94_ADC_temp_2.0\D-94_ADC_temp_2.0.asm
                 chg7seg2   0x000070    program     static C:\WORKS\WS\Embedded\D-90~\D-94_ADC_temp\D-94_ADC_temp_2.x\D-94_ADC_temp_2.0\D-94_ADC_temp_2.0.asm
                 chg7seg3   0x000073    program     static C:\WORKS\WS\Embedded\D-90~\D-94_ADC_temp\D-94_ADC_temp_2.x\D-94_ADC_temp_2.0\D-94_ADC_temp_2.0.asm
                 chg7seg9   0x000076    program     static C:\WORKS\WS\Embedded\D-90~\D-94_ADC_temp\D-94_ADC_temp_2.x\D-94_ADC_temp_2.0\D-94_ADC_temp_2.0.asm
                 chg7segX   0x00007a    program     static C:\WORKS\WS\Embedded\D-90~\D-94_ADC_temp\D-94_ADC_temp_2.x\D-94_ADC_temp_2.0\D-94_ADC_temp_2.0.asm
                  bcd2led   0x00007b    program     static C:\WORKS\WS\Embedded\D-90~\D-94_ADC_temp\D-94_ADC_temp_2.x\D-94_ADC_temp_2.0\D-94_ADC_temp_2.0.asm
                  bin2BCD   0x00008c    program     static C:\WORKS\WS\Embedded\D-90~\D-94_ADC_temp\D-94_ADC_temp_2.x\D-94_ADC_temp_2.0\D-94_ADC_temp_2.0.asm
                 bin2BCD3   0x00009e    program     static C:\WORKS\WS\Embedded\D-90~\D-94_ADC_temp\D-94_ADC_temp_2.x\D-94_ADC_temp_2.0\D-94_ADC_temp_2.0.asm
                 bin2BCD2   0x0000a9    program     static C:\WORKS\WS\Embedded\D-90~\D-94_ADC_temp\D-94_ADC_temp_2.x\D-94_ADC_temp_2.0\D-94_ADC_temp_2.0.asm
                 goto_bed   0x0000b1    program     static C:\WORKS\WS\Embedded\D-90~\D-94_ADC_temp\D-94_ADC_temp_2.x\D-94_ADC_temp_2.0\D-94_ADC_temp_2.0.asm
                    ADave   0x0000bf    program     static C:\WORKS\WS\Embedded\D-90~\D-94_ADC_temp\D-94_ADC_temp_2.x\D-94_ADC_temp_2.0\D-94_ADC_temp_2.0.asm


