MPLINK 4.42, Linker
Linker Map File - Created Mon Oct 27 15:56:56 2014

                                 Section Info
                  Section       Type    Address   Location Size(Bytes)
                ---------  ---------  ---------  ---------  ---------
                   .org_0       code   0x000000    program   0x000002
                   .cinit    romdata   0x000001    program   0x000004
                   .org_1       code   0x000004    program   0x0000e8
.config_2007_D-98_MOTOR_2.1.O       code   0x002007    program   0x000002



                              Program Memory Usage 
                               Start         End      
                           ---------   ---------      
                            0x000000    0x000002      
                            0x000004    0x000077      
                            0x002007    0x002007      
            120 out of 4359 program addresses used, program memory utilization is 2%



                              Symbols - Sorted by Name
                     Name    Address   Location    Storage File                     
                ---------  ---------  ---------  --------- ---------                
                   COUNT1   0x000047    program     static C:\WORKS\WS\Embedded\D-90~\D-98_motor\D-98_motor_2.x\D-98_motor_2.1\D-98_motor_2.1.asm
                 Rotate_L   0x000032    program     static C:\WORKS\WS\Embedded\D-90~\D-98_motor\D-98_motor_2.x\D-98_motor_2.1\D-98_motor_2.1.asm
                 Rotate_R   0x00001d    program     static C:\WORKS\WS\Embedded\D-90~\D-98_motor\D-98_motor_2.x\D-98_motor_2.1\D-98_motor_2.1.asm
                    STEPM   0x000049    program     static C:\WORKS\WS\Embedded\D-90~\D-98_motor\D-98_motor_2.x\D-98_motor_2.1\D-98_motor_2.1.asm
                   STEPM1   0x00004a    program     static C:\WORKS\WS\Embedded\D-90~\D-98_motor\D-98_motor_2.x\D-98_motor_2.1\D-98_motor_2.1.asm
                   STEPM2   0x00004b    program     static C:\WORKS\WS\Embedded\D-90~\D-98_motor\D-98_motor_2.x\D-98_motor_2.1\D-98_motor_2.1.asm
                   T02XmS   0x000064    program     static C:\WORKS\WS\Embedded\D-90~\D-98_motor\D-98_motor_2.x\D-98_motor_2.1\D-98_motor_2.1.asm
                   T02mLP   0x000060    program     static C:\WORKS\WS\Embedded\D-90~\D-98_motor\D-98_motor_2.x\D-98_motor_2.1\D-98_motor_2.1.asm
                    T02mS   0x00005e    program     static C:\WORKS\WS\Embedded\D-90~\D-98_motor\D-98_motor_2.x\D-98_motor_2.1\D-98_motor_2.1.asm
                      T1S   0x000052    program     static C:\WORKS\WS\Embedded\D-90~\D-98_motor\D-98_motor_2.x\D-98_motor_2.1\D-98_motor_2.1.asm
                    T1SLP   0x000054    program     static C:\WORKS\WS\Embedded\D-90~\D-98_motor\D-98_motor_2.x\D-98_motor_2.1\D-98_motor_2.1.asm
                    T5mLP   0x00005a    program     static C:\WORKS\WS\Embedded\D-90~\D-98_motor\D-98_motor_2.x\D-98_motor_2.1\D-98_motor_2.1.asm
                     T5mS   0x000058    program     static C:\WORKS\WS\Embedded\D-90~\D-98_motor\D-98_motor_2.x\D-98_motor_2.1\D-98_motor_2.1.asm
                  bcd2led   0x000067    program     static C:\WORKS\WS\Embedded\D-90~\D-98_motor\D-98_motor_2.x\D-98_motor_2.1\D-98_motor_2.1.asm
                     init   0x000004    program     static C:\WORKS\WS\Embedded\D-90~\D-98_motor\D-98_motor_2.x\D-98_motor_2.1\D-98_motor_2.1.asm
                     main   0x000015    program     static C:\WORKS\WS\Embedded\D-90~\D-98_motor\D-98_motor_2.x\D-98_motor_2.1\D-98_motor_2.1.asm



                              Symbols - Sorted by Address
                     Name    Address   Location    Storage File                     
                ---------  ---------  ---------  --------- ---------                
                     init   0x000004    program     static C:\WORKS\WS\Embedded\D-90~\D-98_motor\D-98_motor_2.x\D-98_motor_2.1\D-98_motor_2.1.asm
                     main   0x000015    program     static C:\WORKS\WS\Embedded\D-90~\D-98_motor\D-98_motor_2.x\D-98_motor_2.1\D-98_motor_2.1.asm
                 Rotate_R   0x00001d    program     static C:\WORKS\WS\Embedded\D-90~\D-98_motor\D-98_motor_2.x\D-98_motor_2.1\D-98_motor_2.1.asm
                 Rotate_L   0x000032    program     static C:\WORKS\WS\Embedded\D-90~\D-98_motor\D-98_motor_2.x\D-98_motor_2.1\D-98_motor_2.1.asm
                   COUNT1   0x000047    program     static C:\WORKS\WS\Embedded\D-90~\D-98_motor\D-98_motor_2.x\D-98_motor_2.1\D-98_motor_2.1.asm
                    STEPM   0x000049    program     static C:\WORKS\WS\Embedded\D-90~\D-98_motor\D-98_motor_2.x\D-98_motor_2.1\D-98_motor_2.1.asm
                   STEPM1   0x00004a    program     static C:\WORKS\WS\Embedded\D-90~\D-98_motor\D-98_motor_2.x\D-98_motor_2.1\D-98_motor_2.1.asm
                   STEPM2   0x00004b    program     static C:\WORKS\WS\Embedded\D-90~\D-98_motor\D-98_motor_2.x\D-98_motor_2.1\D-98_motor_2.1.asm
                      T1S   0x000052    program     static C:\WORKS\WS\Embedded\D-90~\D-98_motor\D-98_motor_2.x\D-98_motor_2.1\D-98_motor_2.1.asm
                    T1SLP   0x000054    program     static C:\WORKS\WS\Embedded\D-90~\D-98_motor\D-98_motor_2.x\D-98_motor_2.1\D-98_motor_2.1.asm
                     T5mS   0x000058    program     static C:\WORKS\WS\Embedded\D-90~\D-98_motor\D-98_motor_2.x\D-98_motor_2.1\D-98_motor_2.1.asm
                    T5mLP   0x00005a    program     static C:\WORKS\WS\Embedded\D-90~\D-98_motor\D-98_motor_2.x\D-98_motor_2.1\D-98_motor_2.1.asm
                    T02mS   0x00005e    program     static C:\WORKS\WS\Embedded\D-90~\D-98_motor\D-98_motor_2.x\D-98_motor_2.1\D-98_motor_2.1.asm
                   T02mLP   0x000060    program     static C:\WORKS\WS\Embedded\D-90~\D-98_motor\D-98_motor_2.x\D-98_motor_2.1\D-98_motor_2.1.asm
                   T02XmS   0x000064    program     static C:\WORKS\WS\Embedded\D-90~\D-98_motor\D-98_motor_2.x\D-98_motor_2.1\D-98_motor_2.1.asm
                  bcd2led   0x000067    program     static C:\WORKS\WS\Embedded\D-90~\D-98_motor\D-98_motor_2.x\D-98_motor_2.1\D-98_motor_2.1.asm


