MPLINK 4.42, Linker
Linker Map File - Created Sun Nov 02 20:55:19 2014

                                 Section Info
                  Section       Type    Address   Location Size(Bytes)
                ---------  ---------  ---------  ---------  ---------
                   .org_0       code   0x000000    program   0x000178
                   .cinit    romdata   0x0000bc    program   0x000004
.config_2007_D-97_LCD_V-1.3.2.O       code   0x002007    program   0x000002



                              Program Memory Usage 
                               Start         End      
                           ---------   ---------      
                            0x000000    0x0000bd      
                            0x002007    0x002007      
            191 out of 4359 program addresses used, program memory utilization is 4%



                              Symbols - Sorted by Name
                     Name    Address   Location    Storage File                     
                ---------  ---------  ---------  --------- ---------                
                LCD_2line   0x00002a    program     static C:\WORKS\WS\Embedded\D-90~\D-97_LCD\D-97_LCD_v-1.x\D-97_LCD_v-1.3.x\D-97_LCD_v-1.3.2\D-97_LCD_v-1.3.2.asm
              LCD_BF_wait   0x000060    program     static C:\WORKS\WS\Embedded\D-90~\D-97_LCD\D-97_LCD_v-1.x\D-97_LCD_v-1.3.x\D-97_LCD_v-1.3.2\D-97_LCD_v-1.3.2.asm
             LCD_BF_wait1   0x000071    program     static C:\WORKS\WS\Embedded\D-90~\D-97_LCD\D-97_LCD_v-1.x\D-97_LCD_v-1.3.x\D-97_LCD_v-1.3.2\D-97_LCD_v-1.3.2.asm
                LCD_clear   0x000024    program     static C:\WORKS\WS\Embedded\D-90~\D-97_LCD\D-97_LCD_v-1.x\D-97_LCD_v-1.3.x\D-97_LCD_v-1.3.2\D-97_LCD_v-1.3.2.asm
              LCD_command   0x00004b    program     static C:\WORKS\WS\Embedded\D-90~\D-97_LCD\D-97_LCD_v-1.x\D-97_LCD_v-1.3.x\D-97_LCD_v-1.3.2\D-97_LCD_v-1.3.2.asm
                 LCD_home   0x000027    program     static C:\WORKS\WS\Embedded\D-90~\D-97_LCD\D-97_LCD_v-1.x\D-97_LCD_v-1.3.x\D-97_LCD_v-1.3.2\D-97_LCD_v-1.3.2.asm
                 LCD_init   0x000079    program     static C:\WORKS\WS\Embedded\D-90~\D-97_LCD\D-97_LCD_v-1.x\D-97_LCD_v-1.3.x\D-97_LCD_v-1.3.2\D-97_LCD_v-1.3.2.asm
                  LCD_off   0x000033    program     static C:\WORKS\WS\Embedded\D-90~\D-97_LCD\D-97_LCD_v-1.x\D-97_LCD_v-1.3.x\D-97_LCD_v-1.3.2\D-97_LCD_v-1.3.2.asm
                   LCD_on   0x00002d    program     static C:\WORKS\WS\Embedded\D-90~\D-97_LCD\D-97_LCD_v-1.x\D-97_LCD_v-1.3.x\D-97_LCD_v-1.3.2\D-97_LCD_v-1.3.2.asm
               LCD_on_cur   0x000030    program     static C:\WORKS\WS\Embedded\D-90~\D-97_LCD\D-97_LCD_v-1.x\D-97_LCD_v-1.3.x\D-97_LCD_v-1.3.2\D-97_LCD_v-1.3.2.asm
                LCD_write   0x000036    program     static C:\WORKS\WS\Embedded\D-90~\D-97_LCD\D-97_LCD_v-1.x\D-97_LCD_v-1.3.x\D-97_LCD_v-1.3.2\D-97_LCD_v-1.3.2.asm
             hex2HexChars   0x00001b    program     static C:\WORKS\WS\Embedded\D-90~\D-97_LCD\D-97_LCD_v-1.x\D-97_LCD_v-1.3.x\D-97_LCD_v-1.3.2\D-97_LCD_v-1.3.2.asm
                     init   0x000000    program     static C:\WORKS\WS\Embedded\D-90~\D-97_LCD\D-97_LCD_v-1.x\D-97_LCD_v-1.3.x\D-97_LCD_v-1.3.2\D-97_LCD_v-1.3.2.asm
                     main   0x00000f    program     static C:\WORKS\WS\Embedded\D-90~\D-97_LCD\D-97_LCD_v-1.x\D-97_LCD_v-1.3.x\D-97_LCD_v-1.3.2\D-97_LCD_v-1.3.2.asm
                 wait15ms   0x0000a5    program     static C:\WORKS\WS\Embedded\D-90~\D-97_LCD\D-97_LCD_v-1.x\D-97_LCD_v-1.3.x\D-97_LCD_v-1.3.2\D-97_LCD_v-1.3.2.asm
            wait15ms_loop   0x0000a7    program     static C:\WORKS\WS\Embedded\D-90~\D-97_LCD\D-97_LCD_v-1.x\D-97_LCD_v-1.3.x\D-97_LCD_v-1.3.2\D-97_LCD_v-1.3.2.asm
                  wait1ms   0x0000b1    program     static C:\WORKS\WS\Embedded\D-90~\D-97_LCD\D-97_LCD_v-1.x\D-97_LCD_v-1.3.x\D-97_LCD_v-1.3.2\D-97_LCD_v-1.3.2.asm
             wait1ms_loop   0x0000b3    program     static C:\WORKS\WS\Embedded\D-90~\D-97_LCD\D-97_LCD_v-1.x\D-97_LCD_v-1.3.x\D-97_LCD_v-1.3.2\D-97_LCD_v-1.3.2.asm
                 wait50us   0x0000b7    program     static C:\WORKS\WS\Embedded\D-90~\D-97_LCD\D-97_LCD_v-1.x\D-97_LCD_v-1.3.x\D-97_LCD_v-1.3.2\D-97_LCD_v-1.3.2.asm
            wait50us_loop   0x0000b9    program     static C:\WORKS\WS\Embedded\D-90~\D-97_LCD\D-97_LCD_v-1.x\D-97_LCD_v-1.3.x\D-97_LCD_v-1.3.2\D-97_LCD_v-1.3.2.asm
                  wait5ms   0x0000ab    program     static C:\WORKS\WS\Embedded\D-90~\D-97_LCD\D-97_LCD_v-1.x\D-97_LCD_v-1.3.x\D-97_LCD_v-1.3.2\D-97_LCD_v-1.3.2.asm
             wait5ms_loop   0x0000ad    program     static C:\WORKS\WS\Embedded\D-90~\D-97_LCD\D-97_LCD_v-1.x\D-97_LCD_v-1.3.x\D-97_LCD_v-1.3.2\D-97_LCD_v-1.3.2.asm



                              Symbols - Sorted by Address
                     Name    Address   Location    Storage File                     
                ---------  ---------  ---------  --------- ---------                
                     init   0x000000    program     static C:\WORKS\WS\Embedded\D-90~\D-97_LCD\D-97_LCD_v-1.x\D-97_LCD_v-1.3.x\D-97_LCD_v-1.3.2\D-97_LCD_v-1.3.2.asm
                     main   0x00000f    program     static C:\WORKS\WS\Embedded\D-90~\D-97_LCD\D-97_LCD_v-1.x\D-97_LCD_v-1.3.x\D-97_LCD_v-1.3.2\D-97_LCD_v-1.3.2.asm
             hex2HexChars   0x00001b    program     static C:\WORKS\WS\Embedded\D-90~\D-97_LCD\D-97_LCD_v-1.x\D-97_LCD_v-1.3.x\D-97_LCD_v-1.3.2\D-97_LCD_v-1.3.2.asm
                LCD_clear   0x000024    program     static C:\WORKS\WS\Embedded\D-90~\D-97_LCD\D-97_LCD_v-1.x\D-97_LCD_v-1.3.x\D-97_LCD_v-1.3.2\D-97_LCD_v-1.3.2.asm
                 LCD_home   0x000027    program     static C:\WORKS\WS\Embedded\D-90~\D-97_LCD\D-97_LCD_v-1.x\D-97_LCD_v-1.3.x\D-97_LCD_v-1.3.2\D-97_LCD_v-1.3.2.asm
                LCD_2line   0x00002a    program     static C:\WORKS\WS\Embedded\D-90~\D-97_LCD\D-97_LCD_v-1.x\D-97_LCD_v-1.3.x\D-97_LCD_v-1.3.2\D-97_LCD_v-1.3.2.asm
                   LCD_on   0x00002d    program     static C:\WORKS\WS\Embedded\D-90~\D-97_LCD\D-97_LCD_v-1.x\D-97_LCD_v-1.3.x\D-97_LCD_v-1.3.2\D-97_LCD_v-1.3.2.asm
               LCD_on_cur   0x000030    program     static C:\WORKS\WS\Embedded\D-90~\D-97_LCD\D-97_LCD_v-1.x\D-97_LCD_v-1.3.x\D-97_LCD_v-1.3.2\D-97_LCD_v-1.3.2.asm
                  LCD_off   0x000033    program     static C:\WORKS\WS\Embedded\D-90~\D-97_LCD\D-97_LCD_v-1.x\D-97_LCD_v-1.3.x\D-97_LCD_v-1.3.2\D-97_LCD_v-1.3.2.asm
                LCD_write   0x000036    program     static C:\WORKS\WS\Embedded\D-90~\D-97_LCD\D-97_LCD_v-1.x\D-97_LCD_v-1.3.x\D-97_LCD_v-1.3.2\D-97_LCD_v-1.3.2.asm
              LCD_command   0x00004b    program     static C:\WORKS\WS\Embedded\D-90~\D-97_LCD\D-97_LCD_v-1.x\D-97_LCD_v-1.3.x\D-97_LCD_v-1.3.2\D-97_LCD_v-1.3.2.asm
              LCD_BF_wait   0x000060    program     static C:\WORKS\WS\Embedded\D-90~\D-97_LCD\D-97_LCD_v-1.x\D-97_LCD_v-1.3.x\D-97_LCD_v-1.3.2\D-97_LCD_v-1.3.2.asm
             LCD_BF_wait1   0x000071    program     static C:\WORKS\WS\Embedded\D-90~\D-97_LCD\D-97_LCD_v-1.x\D-97_LCD_v-1.3.x\D-97_LCD_v-1.3.2\D-97_LCD_v-1.3.2.asm
                 LCD_init   0x000079    program     static C:\WORKS\WS\Embedded\D-90~\D-97_LCD\D-97_LCD_v-1.x\D-97_LCD_v-1.3.x\D-97_LCD_v-1.3.2\D-97_LCD_v-1.3.2.asm
                 wait15ms   0x0000a5    program     static C:\WORKS\WS\Embedded\D-90~\D-97_LCD\D-97_LCD_v-1.x\D-97_LCD_v-1.3.x\D-97_LCD_v-1.3.2\D-97_LCD_v-1.3.2.asm
            wait15ms_loop   0x0000a7    program     static C:\WORKS\WS\Embedded\D-90~\D-97_LCD\D-97_LCD_v-1.x\D-97_LCD_v-1.3.x\D-97_LCD_v-1.3.2\D-97_LCD_v-1.3.2.asm
                  wait5ms   0x0000ab    program     static C:\WORKS\WS\Embedded\D-90~\D-97_LCD\D-97_LCD_v-1.x\D-97_LCD_v-1.3.x\D-97_LCD_v-1.3.2\D-97_LCD_v-1.3.2.asm
             wait5ms_loop   0x0000ad    program     static C:\WORKS\WS\Embedded\D-90~\D-97_LCD\D-97_LCD_v-1.x\D-97_LCD_v-1.3.x\D-97_LCD_v-1.3.2\D-97_LCD_v-1.3.2.asm
                  wait1ms   0x0000b1    program     static C:\WORKS\WS\Embedded\D-90~\D-97_LCD\D-97_LCD_v-1.x\D-97_LCD_v-1.3.x\D-97_LCD_v-1.3.2\D-97_LCD_v-1.3.2.asm
             wait1ms_loop   0x0000b3    program     static C:\WORKS\WS\Embedded\D-90~\D-97_LCD\D-97_LCD_v-1.x\D-97_LCD_v-1.3.x\D-97_LCD_v-1.3.2\D-97_LCD_v-1.3.2.asm
                 wait50us   0x0000b7    program     static C:\WORKS\WS\Embedded\D-90~\D-97_LCD\D-97_LCD_v-1.x\D-97_LCD_v-1.3.x\D-97_LCD_v-1.3.2\D-97_LCD_v-1.3.2.asm
            wait50us_loop   0x0000b9    program     static C:\WORKS\WS\Embedded\D-90~\D-97_LCD\D-97_LCD_v-1.x\D-97_LCD_v-1.3.x\D-97_LCD_v-1.3.2\D-97_LCD_v-1.3.2.asm


