MPLINK 4.42, Linker
Linker Map File - Created Mon Sep 29 11:06:36 2014

                                 Section Info
                  Section       Type    Address   Location Size(Bytes)
                ---------  ---------  ---------  ---------  ---------
                   .org_0       code   0x000000    program   0x000002
                   .cinit    romdata   0x000001    program   0x000004
                   .org_1       code   0x000004    program   0x000086
.config_2007_D-93_PIC16_F88_AD-CONV_V-6.0.0.O       code   0x002007    program   0x000002
.config_2008_D-93_PIC16_F88_AD-CONV_V-6.0.0.O       code   0x002008    program   0x000002



                              Program Memory Usage 
                               Start         End      
                           ---------   ---------      
                            0x000000    0x000002      
                            0x000004    0x000046      
                            0x002007    0x002008      
            72 out of 4359 program addresses used, program memory utilization is 1%



                              Symbols - Sorted by Name
                     Name    Address   Location    Storage File                     
                ---------  ---------  ---------  --------- ---------                
                     DLP1   0x000022    program     static C:\WORKS\WS\Embedded\D-90~\D-93_PIC16_F88_A-D-conv\D-93_PIC16_F88_AD-conv_v-6.0\D-93_PIC16_F88_AD-conv_v-6.0.0\D-93_PIC16_F88_AD-conv_v-6.0.0.asm
                     DLP2   0x000024    program     static C:\WORKS\WS\Embedded\D-90~\D-93_PIC16_F88_A-D-conv\D-93_PIC16_F88_AD-conv_v-6.0\D-93_PIC16_F88_AD-conv_v-6.0.0\D-93_PIC16_F88_AD-conv_v-6.0.0.asm
                  DLY_100   0x000020    program     static C:\WORKS\WS\Embedded\D-90~\D-93_PIC16_F88_A-D-conv\D-93_PIC16_F88_AD-conv_v-6.0\D-93_PIC16_F88_AD-conv_v-6.0.0\D-93_PIC16_F88_AD-conv_v-6.0.0.asm
                   DLY_1S   0x00001e    program     static C:\WORKS\WS\Embedded\D-90~\D-93_PIC16_F88_A-D-conv\D-93_PIC16_F88_AD-conv_v-6.0\D-93_PIC16_F88_AD-conv_v-6.0.0\D-93_PIC16_F88_AD-conv_v-6.0.0.asm
                SET_DIGIT   0x000043    program     static C:\WORKS\WS\Embedded\D-90~\D-93_PIC16_F88_A-D-conv\D-93_PIC16_F88_AD-conv_v-6.0\D-93_PIC16_F88_AD-conv_v-6.0.0\D-93_PIC16_F88_AD-conv_v-6.0.0.asm
                  SET_NUM   0x00003f    program     static C:\WORKS\WS\Embedded\D-90~\D-93_PIC16_F88_A-D-conv\D-93_PIC16_F88_AD-conv_v-6.0\D-93_PIC16_F88_AD-conv_v-6.0.0\D-93_PIC16_F88_AD-conv_v-6.0.0.asm
                    START   0x000006    program     static C:\WORKS\WS\Embedded\D-90~\D-93_PIC16_F88_A-D-conv\D-93_PIC16_F88_AD-conv_v-6.0\D-93_PIC16_F88_AD-conv_v-6.0.0\D-93_PIC16_F88_AD-conv_v-6.0.0.asm
                    STEP1   0x000015    program     static C:\WORKS\WS\Embedded\D-90~\D-93_PIC16_F88_A-D-conv\D-93_PIC16_F88_AD-conv_v-6.0\D-93_PIC16_F88_AD-conv_v-6.0.0\D-93_PIC16_F88_AD-conv_v-6.0.0.asm
                   T02mLP   0x00003b    program     static C:\WORKS\WS\Embedded\D-90~\D-93_PIC16_F88_A-D-conv\D-93_PIC16_F88_AD-conv_v-6.0\D-93_PIC16_F88_AD-conv_v-6.0.0\D-93_PIC16_F88_AD-conv_v-6.0.0.asm
                    T02mS   0x000039    program     static C:\WORKS\WS\Embedded\D-90~\D-93_PIC16_F88_A-D-conv\D-93_PIC16_F88_AD-conv_v-6.0\D-93_PIC16_F88_AD-conv_v-6.0.0\D-93_PIC16_F88_AD-conv_v-6.0.0.asm
                      T1S   0x00002d    program     static C:\WORKS\WS\Embedded\D-90~\D-93_PIC16_F88_A-D-conv\D-93_PIC16_F88_AD-conv_v-6.0\D-93_PIC16_F88_AD-conv_v-6.0.0\D-93_PIC16_F88_AD-conv_v-6.0.0.asm
                    T1SLP   0x00002f    program     static C:\WORKS\WS\Embedded\D-90~\D-93_PIC16_F88_A-D-conv\D-93_PIC16_F88_AD-conv_v-6.0\D-93_PIC16_F88_AD-conv_v-6.0.0\D-93_PIC16_F88_AD-conv_v-6.0.0.asm
                    T5mLP   0x000035    program     static C:\WORKS\WS\Embedded\D-90~\D-93_PIC16_F88_A-D-conv\D-93_PIC16_F88_AD-conv_v-6.0\D-93_PIC16_F88_AD-conv_v-6.0.0\D-93_PIC16_F88_AD-conv_v-6.0.0.asm
                     T5mS   0x000033    program     static C:\WORKS\WS\Embedded\D-90~\D-93_PIC16_F88_A-D-conv\D-93_PIC16_F88_AD-conv_v-6.0\D-93_PIC16_F88_AD-conv_v-6.0.0\D-93_PIC16_F88_AD-conv_v-6.0.0.asm
         Timer0_interrupt   0x000018    program     static C:\WORKS\WS\Embedded\D-90~\D-93_PIC16_F88_A-D-conv\D-93_PIC16_F88_AD-conv_v-6.0\D-93_PIC16_F88_AD-conv_v-6.0.0\D-93_PIC16_F88_AD-conv_v-6.0.0.asm



                              Symbols - Sorted by Address
                     Name    Address   Location    Storage File                     
                ---------  ---------  ---------  --------- ---------                
                    START   0x000006    program     static C:\WORKS\WS\Embedded\D-90~\D-93_PIC16_F88_A-D-conv\D-93_PIC16_F88_AD-conv_v-6.0\D-93_PIC16_F88_AD-conv_v-6.0.0\D-93_PIC16_F88_AD-conv_v-6.0.0.asm
                    STEP1   0x000015    program     static C:\WORKS\WS\Embedded\D-90~\D-93_PIC16_F88_A-D-conv\D-93_PIC16_F88_AD-conv_v-6.0\D-93_PIC16_F88_AD-conv_v-6.0.0\D-93_PIC16_F88_AD-conv_v-6.0.0.asm
         Timer0_interrupt   0x000018    program     static C:\WORKS\WS\Embedded\D-90~\D-93_PIC16_F88_A-D-conv\D-93_PIC16_F88_AD-conv_v-6.0\D-93_PIC16_F88_AD-conv_v-6.0.0\D-93_PIC16_F88_AD-conv_v-6.0.0.asm
                   DLY_1S   0x00001e    program     static C:\WORKS\WS\Embedded\D-90~\D-93_PIC16_F88_A-D-conv\D-93_PIC16_F88_AD-conv_v-6.0\D-93_PIC16_F88_AD-conv_v-6.0.0\D-93_PIC16_F88_AD-conv_v-6.0.0.asm
                  DLY_100   0x000020    program     static C:\WORKS\WS\Embedded\D-90~\D-93_PIC16_F88_A-D-conv\D-93_PIC16_F88_AD-conv_v-6.0\D-93_PIC16_F88_AD-conv_v-6.0.0\D-93_PIC16_F88_AD-conv_v-6.0.0.asm
                     DLP1   0x000022    program     static C:\WORKS\WS\Embedded\D-90~\D-93_PIC16_F88_A-D-conv\D-93_PIC16_F88_AD-conv_v-6.0\D-93_PIC16_F88_AD-conv_v-6.0.0\D-93_PIC16_F88_AD-conv_v-6.0.0.asm
                     DLP2   0x000024    program     static C:\WORKS\WS\Embedded\D-90~\D-93_PIC16_F88_A-D-conv\D-93_PIC16_F88_AD-conv_v-6.0\D-93_PIC16_F88_AD-conv_v-6.0.0\D-93_PIC16_F88_AD-conv_v-6.0.0.asm
                      T1S   0x00002d    program     static C:\WORKS\WS\Embedded\D-90~\D-93_PIC16_F88_A-D-conv\D-93_PIC16_F88_AD-conv_v-6.0\D-93_PIC16_F88_AD-conv_v-6.0.0\D-93_PIC16_F88_AD-conv_v-6.0.0.asm
                    T1SLP   0x00002f    program     static C:\WORKS\WS\Embedded\D-90~\D-93_PIC16_F88_A-D-conv\D-93_PIC16_F88_AD-conv_v-6.0\D-93_PIC16_F88_AD-conv_v-6.0.0\D-93_PIC16_F88_AD-conv_v-6.0.0.asm
                     T5mS   0x000033    program     static C:\WORKS\WS\Embedded\D-90~\D-93_PIC16_F88_A-D-conv\D-93_PIC16_F88_AD-conv_v-6.0\D-93_PIC16_F88_AD-conv_v-6.0.0\D-93_PIC16_F88_AD-conv_v-6.0.0.asm
                    T5mLP   0x000035    program     static C:\WORKS\WS\Embedded\D-90~\D-93_PIC16_F88_A-D-conv\D-93_PIC16_F88_AD-conv_v-6.0\D-93_PIC16_F88_AD-conv_v-6.0.0\D-93_PIC16_F88_AD-conv_v-6.0.0.asm
                    T02mS   0x000039    program     static C:\WORKS\WS\Embedded\D-90~\D-93_PIC16_F88_A-D-conv\D-93_PIC16_F88_AD-conv_v-6.0\D-93_PIC16_F88_AD-conv_v-6.0.0\D-93_PIC16_F88_AD-conv_v-6.0.0.asm
                   T02mLP   0x00003b    program     static C:\WORKS\WS\Embedded\D-90~\D-93_PIC16_F88_A-D-conv\D-93_PIC16_F88_AD-conv_v-6.0\D-93_PIC16_F88_AD-conv_v-6.0.0\D-93_PIC16_F88_AD-conv_v-6.0.0.asm
                  SET_NUM   0x00003f    program     static C:\WORKS\WS\Embedded\D-90~\D-93_PIC16_F88_A-D-conv\D-93_PIC16_F88_AD-conv_v-6.0\D-93_PIC16_F88_AD-conv_v-6.0.0\D-93_PIC16_F88_AD-conv_v-6.0.0.asm
                SET_DIGIT   0x000043    program     static C:\WORKS\WS\Embedded\D-90~\D-93_PIC16_F88_A-D-conv\D-93_PIC16_F88_AD-conv_v-6.0\D-93_PIC16_F88_AD-conv_v-6.0.0\D-93_PIC16_F88_AD-conv_v-6.0.0.asm


