MPLINK 4.42, Linker
Linker Map File - Created Tue Sep 30 16:59:23 2014

                                 Section Info
                  Section       Type    Address   Location Size(Bytes)
                ---------  ---------  ---------  ---------  ---------
                   .org_0       code   0x000000    program   0x000002
                   .cinit    romdata   0x000001    program   0x000004
                   .org_1       code   0x000004    program   0x000034
.config_2007_D-93_PIC16_F88_AD-CONV_V-6.0.0.O       code   0x002007    program   0x000002
.config_2008_D-93_PIC16_F88_AD-CONV_V-6.0.0.O       code   0x002008    program   0x000002



                              Program Memory Usage 
                               Start         End      
                           ---------   ---------      
                            0x000000    0x000002      
                            0x000004    0x00001d      
                            0x002007    0x002008      
            31 out of 4359 program addresses used, program memory utilization is 0%



                              Symbols - Sorted by Name
                     Name    Address   Location    Storage File                     
                ---------  ---------  ---------  --------- ---------                
                    START   0x000006    program     static C:\WORKS\WS\Embedded\D-90~\D-93_PIC16_F88_A-D-conv\D-93_PIC16_F88_AD-conv_v-6.0\D-93_PIC16_F88_AD-conv_v-6.0.0\D-93_PIC16_F88_AD-conv_v-6.0.0.asm
                    STEP1   0x000015    program     static C:\WORKS\WS\Embedded\D-90~\D-93_PIC16_F88_A-D-conv\D-93_PIC16_F88_AD-conv_v-6.0\D-93_PIC16_F88_AD-conv_v-6.0.0\D-93_PIC16_F88_AD-conv_v-6.0.0.asm
         Timer0_interrupt   0x000016    program     static C:\WORKS\WS\Embedded\D-90~\D-93_PIC16_F88_A-D-conv\D-93_PIC16_F88_AD-conv_v-6.0\D-93_PIC16_F88_AD-conv_v-6.0.0\D-93_PIC16_F88_AD-conv_v-6.0.0.asm



                              Symbols - Sorted by Address
                     Name    Address   Location    Storage File                     
                ---------  ---------  ---------  --------- ---------                
                    START   0x000006    program     static C:\WORKS\WS\Embedded\D-90~\D-93_PIC16_F88_A-D-conv\D-93_PIC16_F88_AD-conv_v-6.0\D-93_PIC16_F88_AD-conv_v-6.0.0\D-93_PIC16_F88_AD-conv_v-6.0.0.asm
                    STEP1   0x000015    program     static C:\WORKS\WS\Embedded\D-90~\D-93_PIC16_F88_A-D-conv\D-93_PIC16_F88_AD-conv_v-6.0\D-93_PIC16_F88_AD-conv_v-6.0.0\D-93_PIC16_F88_AD-conv_v-6.0.0.asm
         Timer0_interrupt   0x000016    program     static C:\WORKS\WS\Embedded\D-90~\D-93_PIC16_F88_A-D-conv\D-93_PIC16_F88_AD-conv_v-6.0\D-93_PIC16_F88_AD-conv_v-6.0.0\D-93_PIC16_F88_AD-conv_v-6.0.0.asm


